Archive member included to satisfy reference by file (symbol)

/Users/johannes/Library/Application Support/Code/User/globalStorage/bmd.stm32-for-vscode/@xpack-dev-tools/arm-none-eabi-gcc/11.2.1-1.2.2/.content/bin/../lib/gcc/arm-none-eabi/11.2.1/../../../../arm-none-eabi/lib/thumb/v7e-m+dp/hard/libc_nano.a(lib_a-atexit.o)
                              /Users/johannes/Library/Application Support/Code/User/globalStorage/bmd.stm32-for-vscode/@xpack-dev-tools/arm-none-eabi-gcc/11.2.1-1.2.2/.content/bin/../lib/gcc/arm-none-eabi/11.2.1/../../../../arm-none-eabi/lib/thumb/v7e-m+dp/hard/crt0.o (atexit)
/Users/johannes/Library/Application Support/Code/User/globalStorage/bmd.stm32-for-vscode/@xpack-dev-tools/arm-none-eabi-gcc/11.2.1-1.2.2/.content/bin/../lib/gcc/arm-none-eabi/11.2.1/../../../../arm-none-eabi/lib/thumb/v7e-m+dp/hard/libc_nano.a(lib_a-exit.o)
                              /Users/johannes/Library/Application Support/Code/User/globalStorage/bmd.stm32-for-vscode/@xpack-dev-tools/arm-none-eabi-gcc/11.2.1-1.2.2/.content/bin/../lib/gcc/arm-none-eabi/11.2.1/../../../../arm-none-eabi/lib/thumb/v7e-m+dp/hard/crt0.o (exit)
/Users/johannes/Library/Application Support/Code/User/globalStorage/bmd.stm32-for-vscode/@xpack-dev-tools/arm-none-eabi-gcc/11.2.1-1.2.2/.content/bin/../lib/gcc/arm-none-eabi/11.2.1/../../../../arm-none-eabi/lib/thumb/v7e-m+dp/hard/libc_nano.a(lib_a-fini.o)
                              /Users/johannes/Library/Application Support/Code/User/globalStorage/bmd.stm32-for-vscode/@xpack-dev-tools/arm-none-eabi-gcc/11.2.1-1.2.2/.content/bin/../lib/gcc/arm-none-eabi/11.2.1/../../../../arm-none-eabi/lib/thumb/v7e-m+dp/hard/crt0.o (__libc_fini_array)
/Users/johannes/Library/Application Support/Code/User/globalStorage/bmd.stm32-for-vscode/@xpack-dev-tools/arm-none-eabi-gcc/11.2.1-1.2.2/.content/bin/../lib/gcc/arm-none-eabi/11.2.1/../../../../arm-none-eabi/lib/thumb/v7e-m+dp/hard/libc_nano.a(lib_a-impure.o)
                              /Users/johannes/Library/Application Support/Code/User/globalStorage/bmd.stm32-for-vscode/@xpack-dev-tools/arm-none-eabi-gcc/11.2.1-1.2.2/.content/bin/../lib/gcc/arm-none-eabi/11.2.1/../../../../arm-none-eabi/lib/thumb/v7e-m+dp/hard/libc_nano.a(lib_a-exit.o) (_global_impure_ptr)
/Users/johannes/Library/Application Support/Code/User/globalStorage/bmd.stm32-for-vscode/@xpack-dev-tools/arm-none-eabi-gcc/11.2.1-1.2.2/.content/bin/../lib/gcc/arm-none-eabi/11.2.1/../../../../arm-none-eabi/lib/thumb/v7e-m+dp/hard/libc_nano.a(lib_a-init.o)
                              /Users/johannes/Library/Application Support/Code/User/globalStorage/bmd.stm32-for-vscode/@xpack-dev-tools/arm-none-eabi-gcc/11.2.1-1.2.2/.content/bin/../lib/gcc/arm-none-eabi/11.2.1/../../../../arm-none-eabi/lib/thumb/v7e-m+dp/hard/crt0.o (__libc_init_array)
/Users/johannes/Library/Application Support/Code/User/globalStorage/bmd.stm32-for-vscode/@xpack-dev-tools/arm-none-eabi-gcc/11.2.1-1.2.2/.content/bin/../lib/gcc/arm-none-eabi/11.2.1/../../../../arm-none-eabi/lib/thumb/v7e-m+dp/hard/libc_nano.a(lib_a-memcpy-stub.o)
                              build/SEGGER_RTT.o (memcpy)
/Users/johannes/Library/Application Support/Code/User/globalStorage/bmd.stm32-for-vscode/@xpack-dev-tools/arm-none-eabi-gcc/11.2.1-1.2.2/.content/bin/../lib/gcc/arm-none-eabi/11.2.1/../../../../arm-none-eabi/lib/thumb/v7e-m+dp/hard/libc_nano.a(lib_a-memset.o)
                              /Users/johannes/Library/Application Support/Code/User/globalStorage/bmd.stm32-for-vscode/@xpack-dev-tools/arm-none-eabi-gcc/11.2.1-1.2.2/.content/bin/../lib/gcc/arm-none-eabi/11.2.1/../../../../arm-none-eabi/lib/thumb/v7e-m+dp/hard/crt0.o (memset)
/Users/johannes/Library/Application Support/Code/User/globalStorage/bmd.stm32-for-vscode/@xpack-dev-tools/arm-none-eabi-gcc/11.2.1-1.2.2/.content/bin/../lib/gcc/arm-none-eabi/11.2.1/../../../../arm-none-eabi/lib/thumb/v7e-m+dp/hard/libc_nano.a(lib_a-puts.o)
                              build/013_i2c_slave_tx_string.o (puts)
/Users/johannes/Library/Application Support/Code/User/globalStorage/bmd.stm32-for-vscode/@xpack-dev-tools/arm-none-eabi-gcc/11.2.1-1.2.2/.content/bin/../lib/gcc/arm-none-eabi/11.2.1/../../../../arm-none-eabi/lib/thumb/v7e-m+dp/hard/libc_nano.a(lib_a-strlen.o)
                              build/013_i2c_slave_tx_string.o (strlen)
/Users/johannes/Library/Application Support/Code/User/globalStorage/bmd.stm32-for-vscode/@xpack-dev-tools/arm-none-eabi-gcc/11.2.1-1.2.2/.content/bin/../lib/gcc/arm-none-eabi/11.2.1/../../../../arm-none-eabi/lib/thumb/v7e-m+dp/hard/libc_nano.a(lib_a-wbuf.o)
                              /Users/johannes/Library/Application Support/Code/User/globalStorage/bmd.stm32-for-vscode/@xpack-dev-tools/arm-none-eabi-gcc/11.2.1-1.2.2/.content/bin/../lib/gcc/arm-none-eabi/11.2.1/../../../../arm-none-eabi/lib/thumb/v7e-m+dp/hard/libc_nano.a(lib_a-puts.o) (__swbuf_r)
[...]
Memory Configuration

Name             Origin             Length             Attributes
RAM              0x0000000020000000 0x0000000000080000 xrw
FLASH            0x0000000008000000 0x0000000000200000 xr
*default*        0x0000000000000000 0xffffffffffffffff

Linker script and memory map

LOAD /Users/johannes/Library/Application Support/Code/User/globalStorage/bmd.stm32-for-vscode/@xpack-dev-tools/arm-none-eabi-gcc/11.2.1-1.2.2/.content/bin/../lib/gcc/arm-none-eabi/11.2.1/thumb/v7e-m+dp/hard/crti.o
LOAD /Users/johannes/Library/Application Support/Code/User/globalStorage/bmd.stm32-for-vscode/@xpack-dev-tools/arm-none-eabi-gcc/11.2.1-1.2.2/.content/bin/../lib/gcc/arm-none-eabi/11.2.1/thumb/v7e-m+dp/hard/crtbegin.o
LOAD /Users/johannes/Library/Application Support/Code/User/globalStorage/bmd.stm32-for-vscode/@xpack-dev-tools/arm-none-eabi-gcc/11.2.1-1.2.2/.content/bin/../lib/gcc/arm-none-eabi/11.2.1/../../../../arm-none-eabi/lib/thumb/v7e-m+dp/hard/crt0.o
LOAD build/013_i2c_slave_tx_string.o
LOAD build/SEGGER_RTT.o
LOAD build/SEGGER_RTT_Syscalls_GCC.o
LOAD build/SEGGER_RTT_printf.o
LOAD build/stm32f767xx_gpio_driver.o
LOAD build/stm32f767xx_i2c_driver.o
LOAD build/stm32f767xx_spi_driver.o
LOAD build/startup_stm32f767xx.o
LOAD /Users/johannes/Library/Application Support/Code/User/globalStorage/bmd.stm32-for-vscode/@xpack-dev-tools/arm-none-eabi-gcc/11.2.1-1.2.2/.content/bin/../lib/gcc/arm-none-eabi/11.2.1/../../../../arm-none-eabi/lib/thumb/v7e-m+dp/hard/libc_nano.a
LOAD /Users/johannes/Library/Application Support/Code/User/globalStorage/bmd.stm32-for-vscode/@xpack-dev-tools/arm-none-eabi-gcc/11.2.1-1.2.2/.content/bin/../lib/gcc/arm-none-eabi/11.2.1/../../../../arm-none-eabi/lib/thumb/v7e-m+dp/hard/libm.a
LOAD /Users/johannes/Library/Application Support/Code/User/globalStorage/bmd.stm32-for-vscode/@xpack-dev-tools/arm-none-eabi-gcc/11.2.1-1.2.2/.content/bin/../lib/gcc/arm-none-eabi/11.2.1/../../../../arm-none-eabi/lib/thumb/v7e-m+dp/hard/libnosys.a
START GROUP
LOAD /Users/johannes/Library/Application Support/Code/User/globalStorage/bmd.stm32-for-vscode/@xpack-dev-tools/arm-none-eabi-gcc/11.2.1-1.2.2/.content/bin/../lib/gcc/arm-none-eabi/11.2.1/thumb/v7e-m+dp/hard/libgcc.a
LOAD /Users/johannes/Library/Application Support/Code/User/globalStorage/bmd.stm32-for-vscode/@xpack-dev-tools/arm-none-eabi-gcc/11.2.1-1.2.2/.content/bin/../lib/gcc/arm-none-eabi/11.2.1/../../../../arm-none-eabi/lib/thumb/v7e-m+dp/hard/libc_nano.a
END GROUP
START GROUP
LOAD /Users/johannes/Library/Application Support/Code/User/globalStorage/bmd.stm32-for-vscode/@xpack-dev-tools/arm-none-eabi-gcc/11.2.1-1.2.2/.content/bin/../lib/gcc/arm-none-eabi/11.2.1/thumb/v7e-m+dp/hard/libgcc.a
LOAD /Users/johannes/Library/Application Support/Code/User/globalStorage/bmd.stm32-for-vscode/@xpack-dev-tools/arm-none-eabi-gcc/11.2.1-1.2.2/.content/bin/../lib/gcc/arm-none-eabi/11.2.1/../../../../arm-none-eabi/lib/thumb/v7e-m+dp/hard/libc_nano.a
END GROUP
LOAD /Users/johannes/Library/Application Support/Code/User/globalStorage/bmd.stm32-for-vscode/@xpack-dev-tools/arm-none-eabi-gcc/11.2.1-1.2.2/.content/bin/../lib/gcc/arm-none-eabi/11.2.1/thumb/v7e-m+dp/hard/crtend.o
LOAD /Users/johannes/Library/Application Support/Code/User/globalStorage/bmd.stm32-for-vscode/@xpack-dev-tools/arm-none-eabi-gcc/11.2.1-1.2.2/.content/bin/../lib/gcc/arm-none-eabi/11.2.1/thumb/v7e-m+dp/hard/crtn.o
                0x0000000020080000                _estack = (ORIGIN (RAM) + LENGTH (RAM))
                0x0000000000000200                _Min_Heap_Size = 0x200
                0x0000000000000400                _Min_Stack_Size = 0x400

.isr_vector     0x0000000008000000      0x1f8
                0x0000000008000000                . = ALIGN (0x4)
 *(.isr_vector)
 .isr_vector    0x0000000008000000      0x1f8 build/startup_stm32f767xx.o
                0x0000000008000000                g_pfnVectors
                0x00000000080001f8                . = ALIGN (0x4)

.text           0x00000000080001f8     0x1ee0
                0x00000000080001f8                . = ALIGN (0x4)
 *(.text)
 .text          0x00000000080001f8       0x10 /Users/johannes/Library/Application Support/Code/User/globalStorage/bmd.stm32-for-vscode/@xpack-dev-tools/arm-none-eabi-gcc/11.2.1-1.2.2/.content/bin/../lib/gcc/arm-none-eabi/11.2.1/../../../../arm-none-eabi/lib/thumb/v7e-m+dp/hard/libc_nano.a(lib_a-strlen.o)
                0x00000000080001f8                strlen
 *(.text*)
 .text.__do_global_dtors_aux
                0x0000000008000208       0x24 /Users/johannes/Library/Application Support/Code/User/globalStorage/bmd.stm32-for-vscode/@xpack-dev-tools/arm-none-eabi-gcc/11.2.1-1.2.2/.content/bin/../lib/gcc/arm-none-eabi/11.2.1/thumb/v7e-m+dp/hard/crtbegin.o
 .text.frame_dummy
                0x000000000800022c       0x1c /Users/johannes/Library/Application Support/Code/User/globalStorage/bmd.stm32-for-vscode/@xpack-dev-tools/arm-none-eabi-gcc/11.2.1-1.2.2/.content/bin/../lib/gcc/arm-none-eabi/11.2.1/thumb/v7e-m+dp/hard/crtbegin.o
 .text.I2C2_GPIOInits
                0x0000000008000248       0x44 build/013_i2c_slave_tx_string.o
                0x0000000008000248                I2C2_GPIOInits
 .text.I2C2_Inits
                0x000000000800028c       0x28 build/013_i2c_slave_tx_string.o
                0x000000000800028c                I2C2_Inits
 .text.GPIO_ButtonInit
                0x00000000080002b4       0x30 build/013_i2c_slave_tx_string.o
                0x00000000080002b4                GPIO_ButtonInit
 .text.main     0x00000000080002e4       0x4c build/013_i2c_slave_tx_string.o
                0x00000000080002e4                main
 .text.I2C2_EV_IRQHandler
                0x0000000008000330       0x14 build/013_i2c_slave_tx_string.o
                0x0000000008000330                I2C2_EV_IRQHandler
 .text.I2C2_ER_IRQHandler
                0x0000000008000344       0x14 build/013_i2c_slave_tx_string.o
                0x0000000008000344                I2C2_ER_IRQHandler
 .text.I2C_ApplicationEventCallback
                0x0000000008000358       0xa0 build/013_i2c_slave_tx_string.o
                0x0000000008000358                I2C_ApplicationEventCallback
 .text._DoInit  0x00000000080003f8       0xb4 build/SEGGER_RTT.o
 .text._WriteBlocking
                0x00000000080004ac       0xba build/SEGGER_RTT.o
 .text._WriteNoCheck
                0x0000000008000566       0x90 build/SEGGER_RTT.o
 .text._GetAvailWriteSpace
                0x00000000080005f6       0x46 build/SEGGER_RTT.o
 .text.SEGGER_RTT_WriteNoLock
                0x000000000800063c       0xa0 build/SEGGER_RTT.o
                0x000000000800063c                SEGGER_RTT_WriteNoLock
 .text.SEGGER_RTT_Write
                0x00000000080006dc       0x4c build/SEGGER_RTT.o
                0x00000000080006dc                SEGGER_RTT_Write
 .text.SEGGER_RTT_ConfigUpBuffer
                0x0000000008000728       0x94 build/SEGGER_RTT.o
                0x0000000008000728                SEGGER_RTT_ConfigUpBuffer
 .text._write_r
                0x00000000080007bc       0x22 build/SEGGER_RTT_Syscalls_GCC.o
                0x00000000080007bc                _write_r
 *fill*         0x00000000080007de        0x2 
 .text.GPIO_PeriClockControl
                0x00000000080007e0      0x230 build/stm32f767xx_gpio_driver.o
                0x00000000080007e0                GPIO_PeriClockControl
 .text.GPIO_Init
                0x0000000008000a10      0x35c build/stm32f767xx_gpio_driver.o
                0x0000000008000a10                GPIO_Init
 .text.I2C_GenerateStopCondition
                0x0000000008000d6c       0x20 build/stm32f767xx_i2c_driver.o
 .text.I2C_SlaveEnableDisableCallbackEvents
                0x0000000008000d8c       0x98 build/stm32f767xx_i2c_driver.o
                0x0000000008000d8c                I2C_SlaveEnableDisableCallbackEvents
 .text.I2C_PeripheralControl
                0x0000000008000e24       0x38 build/stm32f767xx_i2c_driver.o
                0x0000000008000e24                I2C_PeripheralControl
 .text.RCC_GetPLLOutputClock
                0x0000000008000e5c       0x18 build/stm32f767xx_i2c_driver.o
                0x0000000008000e5c                RCC_GetPLLOutputClock
 .text.RCC_GetPCLK1Value
                0x0000000008000e74       0xb0 build/stm32f767xx_i2c_driver.o
                0x0000000008000e74                RCC_GetPCLK1Value
 .text.I2C_PeriClockControl
                0x0000000008000f24       0xe0 build/stm32f767xx_i2c_driver.o
                0x0000000008000f24                I2C_PeriClockControl
 .text.I2C_Init
                0x0000000008001004       0xf4 build/stm32f767xx_i2c_driver.o
                0x0000000008001004                I2C_Init
 .text.I2C_IRQInterruptConfig
                0x00000000080010f8      0x184 build/stm32f767xx_i2c_driver.o
                0x00000000080010f8                I2C_IRQInterruptConfig
 .text.I2C_SlaveSendData
                0x000000000800127c       0x1e build/stm32f767xx_i2c_driver.o
                0x000000000800127c                I2C_SlaveSendData
 .text.I2C_SlaveReceiveData
                0x000000000800129a       0x1a build/stm32f767xx_i2c_driver.o
                0x000000000800129a                I2C_SlaveReceiveData
 .text.I2C_CloseSendData
                0x00000000080012b4       0x56 build/stm32f767xx_i2c_driver.o
                0x00000000080012b4                I2C_CloseSendData
 .text.I2C_CloseReceiveData
                0x000000000800130a       0x5c build/stm32f767xx_i2c_driver.o
                0x000000000800130a                I2C_CloseReceiveData
 .text.I2C_EV_IRQHandling
                0x0000000008001366      0x226 build/stm32f767xx_i2c_driver.o
                0x0000000008001366                I2C_EV_IRQHandling
 .text.I2C_ER_IRQHandling
                0x000000000800158c       0xdc build/stm32f767xx_i2c_driver.o
                0x000000000800158c                I2C_ER_IRQHandling
 .text.Reset_Handler
                0x0000000008001668       0x50 build/startup_stm32f767xx.o
                0x0000000008001668                Reset_Handler
 .text.Default_Handler
                0x00000000080016b8        0x2 build/startup_stm32f767xx.o
                0x00000000080016b8                DMA1_Stream3_IRQHandler
                0x00000000080016b8                EXTI2_IRQHandler
                0x00000000080016b8                TIM8_CC_IRQHandler
                0x00000000080016b8                DebugMon_Handler
                0x00000000080016b8                UART8_IRQHandler
                0x00000000080016b8                SPI4_IRQHandler
                0x00000000080016b8                TIM1_CC_IRQHandler
                0x00000000080016b8                DMA2_Stream5_IRQHandler
                0x00000000080016b8                HardFault_Handler
                0x00000000080016b8                JPEG_IRQHandler
                0x00000000080016b8                DMA1_Stream5_IRQHandler
                0x00000000080016b8                SysTick_Handler
                0x00000000080016b8                CAN3_RX1_IRQHandler
                0x00000000080016b8                PVD_IRQHandler
                0x00000000080016b8                TAMP_STAMP_IRQHandler
                0x00000000080016b8                PendSV_Handler
                0x00000000080016b8                NMI_Handler
                0x00000000080016b8                CAN2_RX1_IRQHandler
                0x00000000080016b8                EXTI3_IRQHandler
                0x00000000080016b8                TIM8_TRG_COM_TIM14_IRQHandler
                0x00000000080016b8                DFSDM1_FLT1_IRQHandler
                0x00000000080016b8                TIM1_UP_TIM10_IRQHandler
                0x00000000080016b8                TIM8_UP_TIM13_IRQHandler
                0x00000000080016b8                I2C3_ER_IRQHandler
                0x00000000080016b8                DFSDM1_FLT2_IRQHandler
                0x00000000080016b8                EXTI0_IRQHandler
                0x00000000080016b8                DMA1_Stream2_IRQHandler
                0x00000000080016b8                CAN1_RX0_IRQHandler
                0x00000000080016b8                FPU_IRQHandler
                0x00000000080016b8                OTG_HS_WKUP_IRQHandler
                0x00000000080016b8                CAN3_SCE_IRQHandler
                0x00000000080016b8                UsageFault_Handler
                0x00000000080016b8                LTDC_ER_IRQHandler
                0x00000000080016b8                CAN2_SCE_IRQHandler
                0x00000000080016b8                DMA2_Stream2_IRQHandler
                0x00000000080016b8                SPI1_IRQHandler
                0x00000000080016b8                TIM6_DAC_IRQHandler
                0x00000000080016b8                TIM1_BRK_TIM9_IRQHandler
                0x00000000080016b8                DCMI_IRQHandler
                0x00000000080016b8                CAN2_RX0_IRQHandler
                0x00000000080016b8                DMA2_Stream3_IRQHandler
                0x00000000080016b8                SAI2_IRQHandler
                0x00000000080016b8                DFSDM1_FLT3_IRQHandler
                0x00000000080016b8                USART6_IRQHandler
                0x00000000080016b8                CAN3_RX0_IRQHandler
                0x00000000080016b8                USART3_IRQHandler
                0x00000000080016b8                CAN1_RX1_IRQHandler
                0x00000000080016b8                UART5_IRQHandler
                0x00000000080016b8                DMA2_Stream0_IRQHandler
                0x00000000080016b8                TIM4_IRQHandler
                0x00000000080016b8                QUADSPI_IRQHandler
                0x00000000080016b8                I2C1_EV_IRQHandler
                0x00000000080016b8                DMA1_Stream6_IRQHandler
                0x00000000080016b8                DMA1_Stream1_IRQHandler
                0x00000000080016b8                UART4_IRQHandler
                0x00000000080016b8                TIM3_IRQHandler
                0x00000000080016b8                RCC_IRQHandler
                0x00000000080016b8                TIM8_BRK_TIM12_IRQHandler
                0x00000000080016b8                Default_Handler
                0x00000000080016b8                CEC_IRQHandler
                0x00000000080016b8                EXTI15_10_IRQHandler
                0x00000000080016b8                ADC_IRQHandler
                0x00000000080016b8                DMA1_Stream7_IRQHandler
                0x00000000080016b8                SPI5_IRQHandler
                0x00000000080016b8                TIM7_IRQHandler
                0x00000000080016b8                SDMMC1_IRQHandler
                0x00000000080016b8                CAN2_TX_IRQHandler
                0x00000000080016b8                TIM5_IRQHandler
                0x00000000080016b8                DMA2_Stream7_IRQHandler
                0x00000000080016b8                I2C3_EV_IRQHandler
                0x00000000080016b8                EXTI9_5_IRQHandler
                0x00000000080016b8                RTC_WKUP_IRQHandler
                0x00000000080016b8                LTDC_IRQHandler
                0x00000000080016b8                ETH_WKUP_IRQHandler
                0x00000000080016b8                SPDIF_RX_IRQHandler
                0x00000000080016b8                SPI2_IRQHandler
                0x00000000080016b8                OTG_HS_EP1_IN_IRQHandler
                0x00000000080016b8                MemManage_Handler
                0x00000000080016b8                DMA1_Stream0_IRQHandler
                0x00000000080016b8                CAN1_TX_IRQHandler
                0x00000000080016b8                SVC_Handler
                0x00000000080016b8                EXTI4_IRQHandler
                0x00000000080016b8                RNG_IRQHandler
                0x00000000080016b8                ETH_IRQHandler
                0x00000000080016b8                OTG_HS_EP1_OUT_IRQHandler
                0x00000000080016b8                WWDG_IRQHandler
                0x00000000080016b8                SPI6_IRQHandler
                0x00000000080016b8                MDIOS_IRQHandler
                0x00000000080016b8                I2C4_EV_IRQHandler
                0x00000000080016b8                CAN3_TX_IRQHandler
                0x00000000080016b8                TIM2_IRQHandler
                0x00000000080016b8                OTG_FS_WKUP_IRQHandler
                0x00000000080016b8                TIM1_TRG_COM_TIM11_IRQHandler
                0x00000000080016b8                OTG_HS_IRQHandler
                0x00000000080016b8                DMA2D_IRQHandler
                0x00000000080016b8                EXTI1_IRQHandler
                0x00000000080016b8                SDMMC2_IRQHandler
                0x00000000080016b8                UART7_IRQHandler
                0x00000000080016b8                USART2_IRQHandler
                0x00000000080016b8                DFSDM1_FLT0_IRQHandler
                0x00000000080016b8                DMA2_Stream1_IRQHandler
                0x00000000080016b8                CAN1_SCE_IRQHandler
                0x00000000080016b8                FLASH_IRQHandler
                0x00000000080016b8                DMA2_Stream4_IRQHandler
                0x00000000080016b8                BusFault_Handler
                0x00000000080016b8                USART1_IRQHandler
                0x00000000080016b8                OTG_FS_IRQHandler
                0x00000000080016b8                SPI3_IRQHandler
                0x00000000080016b8                DMA1_Stream4_IRQHandler
                0x00000000080016b8                I2C1_ER_IRQHandler
                0x00000000080016b8                FMC_IRQHandler
                0x00000000080016b8                LPTIM1_IRQHandler
                0x00000000080016b8                I2C4_ER_IRQHandler
                0x00000000080016b8                DMA2_Stream6_IRQHandler
                0x00000000080016b8                SAI1_IRQHandler
                0x00000000080016b8                RTC_Alarm_IRQHandler
 *fill*         0x00000000080016ba        0x2 
 .text.__libc_init_array
                0x00000000080016bc       0x48 /Users/johannes/Library/Application Support/Code/User/globalStorage/bmd.stm32-for-vscode/@xpack-dev-tools/arm-none-eabi-gcc/11.2.1-1.2.2/.content/bin/../lib/gcc/arm-none-eabi/11.2.1/../../../../arm-none-eabi/lib/thumb/v7e-m+dp/hard/libc_nano.a(lib_a-init.o)
                0x00000000080016bc                __libc_init_array
 .text.memcpy   0x0000000008001704       0x1c /Users/johannes/Library/Application Support/Code/User/globalStorage/bmd.stm32-for-vscode/@xpack-dev-tools/arm-none-eabi-gcc/11.2.1-1.2.2/.content/bin/../lib/gcc/arm-none-eabi/11.2.1/../../../../arm-none-eabi/lib/thumb/v7e-m+dp/hard/libc_nano.a(lib_a-memcpy-stub.o)
                0x0000000008001704                memcpy
 .text.memset   0x0000000008001720       0x10 /Users/johannes/Library/Application Support/Code/User/globalStorage/bmd.stm32-for-vscode/@xpack-dev-tools/arm-none-eabi-gcc/11.2.1-1.2.2/.content/bin/../lib/gcc/arm-none-eabi/11.2.1/../../../../arm-none-eabi/lib/thumb/v7e-m+dp/hard/libc_nano.a(lib_a-memset.o)
                0x0000000008001720                memset
 .text._puts_r  0x0000000008001730       0xb8 /Users/johannes/Library/Application Support/Code/User/globalStorage/bmd.stm32-for-vscode/@xpack-dev-tools/arm-none-eabi-gcc/11.2.1-1.2.2/.content/bin/../lib/gcc/arm-none-eabi/11.2.1/../../../../arm-none-eabi/lib/thumb/v7e-m+dp/hard/libc_nano.a(lib_a-puts.o)
                0x0000000008001730                _puts_r
 .text.puts     0x00000000080017e8       0x10 /Users/johannes/Library/Application Support/Code/User/globalStorage/bmd.stm32-for-vscode/@xpack-dev-tools/arm-none-eabi-gcc/11.2.1-1.2.2/.content/bin/../lib/gcc/arm-none-eabi/11.2.1/../../../../arm-none-eabi/lib/thumb/v7e-m+dp/hard/libc_nano.a(lib_a-puts.o)
                0x00000000080017e8                puts
 .text.__swbuf_r
                0x00000000080017f8       0xa4 /Users/johannes/Library/Application Support/Code/User/globalStorage/bmd.stm32-for-vscode/@xpack-dev-tools/arm-none-eabi-gcc/11.2.1-1.2.2/.content/bin/../lib/gcc/arm-none-eabi/11.2.1/../../../../arm-none-eabi/lib/thumb/v7e-m+dp/hard/libc_nano.a(lib_a-wbuf.o)
                0x00000000080017f8                __swbuf_r
 .text.__swsetup_r
                0x000000000800189c       0xdc /Users/johannes/Library/Application Support/Code/User/globalStorage/bmd.stm32-for-vscode/@xpack-dev-tools/arm-none-eabi-gcc/11.2.1-1.2.2/.content/bin/../lib/gcc/arm-none-eabi/11.2.1/../../../../arm-none-eabi/lib/thumb/v7e-m+dp/hard/libc_nano.a(lib_a-wsetup.o)
                0x000000000800189c                __swsetup_r
 .text.__sflush_r
                0x0000000008001978      0x10c /Users/johannes/Library/Application Support/Code/User/globalStorage/bmd.stm32-for-vscode/@xpack-dev-tools/arm-none-eabi-gcc/11.2.1-1.2.2/.content/bin/../lib/gcc/arm-none-eabi/11.2.1/../../../../arm-none-eabi/lib/thumb/v7e-m+dp/hard/libc_nano.a(lib_a-fflush.o)
                0x0000000008001978                __sflush_r
 .text._fflush_r
                0x0000000008001a84       0x54 /Users/johannes/Library/Application Support/Code/User/globalStorage/bmd.stm32-for-vscode/@xpack-dev-tools/arm-none-eabi-gcc/11.2.1-1.2.2/.content/bin/../lib/gcc/arm-none-eabi/11.2.1/../../../../arm-none-eabi/lib/thumb/v7e-m+dp/hard/libc_nano.a(lib_a-fflush.o)
                0x0000000008001a84                _fflush_r
 .text.std      0x0000000008001ad8       0x48 /Users/johannes/Library/Application Support/Code/User/globalStorage/bmd.stm32-for-vscode/@xpack-dev-tools/arm-none-eabi-gcc/11.2.1-1.2.2/.content/bin/../lib/gcc/arm-none-eabi/11.2.1/../../../../arm-none-eabi/lib/thumb/v7e-m+dp/hard/libc_nano.a(lib_a-findfp.o)
 .text._cleanup_r
                0x0000000008001b20        0xc /Users/johannes/Library/Application Support/Code/User/globalStorage/bmd.stm32-for-vscode/@xpack-dev-tools/arm-none-eabi-gcc/11.2.1-1.2.2/.content/bin/../lib/gcc/arm-none-eabi/11.2.1/../../../../arm-none-eabi/lib/thumb/v7e-m+dp/hard/libc_nano.a(lib_a-findfp.o)
                0x0000000008001b20                _cleanup_r
 .text.__sfmoreglue
                0x0000000008001b2c       0x2c /Users/johannes/Library/Application Support/Code/User/globalStorage/bmd.stm32-for-vscode/@xpack-dev-tools/arm-none-eabi-gcc/11.2.1-1.2.2/.content/bin/../lib/gcc/arm-none-eabi/11.2.1/../../../../arm-none-eabi/lib/thumb/v7e-m+dp/hard/libc_nano.a(lib_a-findfp.o)
                0x0000000008001b2c                __sfmoreglue
 .text.__sinit  0x0000000008001b58       0x60 /Users/johannes/Library/Application Support/Code/User/globalStorage/bmd.stm32-for-vscode/@xpack-dev-tools/arm-none-eabi-gcc/11.2.1-1.2.2/.content/bin/../lib/gcc/arm-none-eabi/11.2.1/../../../../arm-none-eabi/lib/thumb/v7e-m+dp/hard/libc_nano.a(lib_a-findfp.o)
                0x0000000008001b58                __sinit
 .text.__sfp    0x0000000008001bb8       0x78 /Users/johannes/Library/Application Support/Code/User/globalStorage/bmd.stm32-for-vscode/@xpack-dev-tools/arm-none-eabi-gcc/11.2.1-1.2.2/.content/bin/../lib/gcc/arm-none-eabi/11.2.1/../../../../arm-none-eabi/lib/thumb/v7e-m+dp/hard/libc_nano.a(lib_a-findfp.o)
                0x0000000008001bb8                __sfp
 .text._fwalk_reent
                0x0000000008001c30       0x3e /Users/johannes/Library/Application Support/Code/User/globalStorage/bmd.stm32-for-vscode/@xpack-dev-tools/arm-none-eabi-gcc/11.2.1-1.2.2/.content/bin/../lib/gcc/arm-none-eabi/11.2.1/../../../../arm-none-eabi/lib/thumb/v7e-m+dp/hard/libc_nano.a(lib_a-fwalk.o)
                0x0000000008001c30                _fwalk_reent
 .text.__swhatbuf_r
                0x0000000008001c6e       0x4c /Users/johannes/Library/Application Support/Code/User/globalStorage/bmd.stm32-for-vscode/@xpack-dev-tools/arm-none-eabi-gcc/11.2.1-1.2.2/.content/bin/../lib/gcc/arm-none-eabi/11.2.1/../../../../arm-none-eabi/lib/thumb/v7e-m+dp/hard/libc_nano.a(lib_a-makebuf.o)
                0x0000000008001c6e                __swhatbuf_r
 *fill*         0x0000000008001cba        0x2 
 .text.__smakebuf_r
                0x0000000008001cbc       0x80 /Users/johannes/Library/Application Support/Code/User/globalStorage/bmd.stm32-for-vscode/@xpack-dev-tools/arm-none-eabi-gcc/11.2.1-1.2.2/.content/bin/../lib/gcc/arm-none-eabi/11.2.1/../../../../arm-none-eabi/lib/thumb/v7e-m+dp/hard/libc_nano.a(lib_a-makebuf.o)
                0x0000000008001cbc                __smakebuf_r
 .text._free_r  0x0000000008001d3c       0x98 /Users/johannes/Library/Application Support/Code/User/globalStorage/bmd.stm32-for-vscode/@xpack-dev-tools/arm-none-eabi-gcc/11.2.1-1.2.2/.content/bin/../lib/gcc/arm-none-eabi/11.2.1/../../../../arm-none-eabi/lib/thumb/v7e-m+dp/hard/libc_nano.a(lib_a-nano-freer.o)
                0x0000000008001d3c                _free_r
 .text.sbrk_aligned
                0x0000000008001dd4       0x40 /Users/johannes/Library/Application Support/Code/User/globalStorage/bmd.stm32-for-vscode/@xpack-dev-tools/arm-none-eabi-gcc/11.2.1-1.2.2/.content/bin/../lib/gcc/arm-none-eabi/11.2.1/../../../../arm-none-eabi/lib/thumb/v7e-m+dp/hard/libc_nano.a(lib_a-nano-mallocr.o)
 .text._malloc_r
                0x0000000008001e14       0xe8 /Users/johannes/Library/Application Support/Code/User/globalStorage/bmd.stm32-for-vscode/@xpack-dev-tools/arm-none-eabi-gcc/11.2.1-1.2.2/.content/bin/../lib/gcc/arm-none-eabi/11.2.1/../../../../arm-none-eabi/lib/thumb/v7e-m+dp/hard/libc_nano.a(lib_a-nano-mallocr.o)
                0x0000000008001e14                _malloc_r
 .text._sbrk_r  0x0000000008001efc       0x20 /Users/johannes/Library/Application Support/Code/User/globalStorage/bmd.stm32-for-vscode/@xpack-dev-tools/arm-none-eabi-gcc/11.2.1-1.2.2/.content/bin/../lib/gcc/arm-none-eabi/11.2.1/../../../../arm-none-eabi/lib/thumb/v7e-m+dp/hard/libc_nano.a(lib_a-sbrkr.o)
                0x0000000008001efc                _sbrk_r
 .text.__sread  0x0000000008001f1c       0x22 /Users/johannes/Library/Application Support/Code/User/globalStorage/bmd.stm32-for-vscode/@xpack-dev-tools/arm-none-eabi-gcc/11.2.1-1.2.2/.content/bin/../lib/gcc/arm-none-eabi/11.2.1/../../../../arm-none-eabi/lib/thumb/v7e-m+dp/hard/libc_nano.a(lib_a-stdio.o)
                0x0000000008001f1c                __sread
 .text.__swrite
                0x0000000008001f3e       0x38 /Users/johannes/Library/Application Support/Code/User/globalStorage/bmd.stm32-for-vscode/@xpack-dev-tools/arm-none-eabi-gcc/11.2.1-1.2.2/.content/bin/../lib/gcc/arm-none-eabi/11.2.1/../../../../arm-none-eabi/lib/thumb/v7e-m+dp/hard/libc_nano.a(lib_a-stdio.o)
                0x0000000008001f3e                __swrite
 .text.__sseek  0x0000000008001f76       0x24 /Users/johannes/Library/Application Support/Code/User/globalStorage/bmd.stm32-for-vscode/@xpack-dev-tools/arm-none-eabi-gcc/11.2.1-1.2.2/.content/bin/../lib/gcc/arm-none-eabi/11.2.1/../../../../arm-none-eabi/lib/thumb/v7e-m+dp/hard/libc_nano.a(lib_a-stdio.o)
                0x0000000008001f76                __sseek
 .text.__sclose
                0x0000000008001f9a        0x8 /Users/johannes/Library/Application Support/Code/User/globalStorage/bmd.stm32-for-vscode/@xpack-dev-tools/arm-none-eabi-gcc/11.2.1-1.2.2/.content/bin/../lib/gcc/arm-none-eabi/11.2.1/../../../../arm-none-eabi/lib/thumb/v7e-m+dp/hard/libc_nano.a(lib_a-stdio.o)
                0x0000000008001f9a                __sclose
 *fill*         0x0000000008001fa2        0x2 
 .text._close_r
                0x0000000008001fa4       0x20 /Users/johannes/Library/Application Support/Code/User/globalStorage/bmd.stm32-for-vscode/@xpack-dev-tools/arm-none-eabi-gcc/11.2.1-1.2.2/.content/bin/../lib/gcc/arm-none-eabi/11.2.1/../../../../arm-none-eabi/lib/thumb/v7e-m+dp/hard/libc_nano.a(lib_a-closer.o)
                0x0000000008001fa4                _close_r
 .text._fstat_r
                0x0000000008001fc4       0x24 /Users/johannes/Library/Application Support/Code/User/globalStorage/bmd.stm32-for-vscode/@xpack-dev-tools/arm-none-eabi-gcc/11.2.1-1.2.2/.content/bin/../lib/gcc/arm-none-eabi/11.2.1/../../../../arm-none-eabi/lib/thumb/v7e-m+dp/hard/libc_nano.a(lib_a-fstatr.o)
                0x0000000008001fc4                _fstat_r
 .text._isatty_r
                0x0000000008001fe8       0x20 /Users/johannes/Library/Application Support/Code/User/globalStorage/bmd.stm32-for-vscode/@xpack-dev-tools/arm-none-eabi-gcc/11.2.1-1.2.2/.content/bin/../lib/gcc/arm-none-eabi/11.2.1/../../../../arm-none-eabi/lib/thumb/v7e-m+dp/hard/libc_nano.a(lib_a-isattyr.o)
                0x0000000008001fe8                _isatty_r
 .text._lseek_r
                0x0000000008002008       0x24 /Users/johannes/Library/Application Support/Code/User/globalStorage/bmd.stm32-for-vscode/@xpack-dev-tools/arm-none-eabi-gcc/11.2.1-1.2.2/.content/bin/../lib/gcc/arm-none-eabi/11.2.1/../../../../arm-none-eabi/lib/thumb/v7e-m+dp/hard/libc_nano.a(lib_a-lseekr.o)
                0x0000000008002008                _lseek_r
 .text.__malloc_lock
                0x000000000800202c        0x2 /Users/johannes/Library/Application Support/Code/User/globalStorage/bmd.stm32-for-vscode/@xpack-dev-tools/arm-none-eabi-gcc/11.2.1-1.2.2/.content/bin/../lib/gcc/arm-none-eabi/11.2.1/../../../../arm-none-eabi/lib/thumb/v7e-m+dp/hard/libc_nano.a(lib_a-mlock.o)
                0x000000000800202c                __malloc_lock
 .text.__malloc_unlock
                0x000000000800202e        0x2 /Users/johannes/Library/Application Support/Code/User/globalStorage/bmd.stm32-for-vscode/@xpack-dev-tools/arm-none-eabi-gcc/11.2.1-1.2.2/.content/bin/../lib/gcc/arm-none-eabi/11.2.1/../../../../arm-none-eabi/lib/thumb/v7e-m+dp/hard/libc_nano.a(lib_a-mlock.o)
                0x000000000800202e                __malloc_unlock
 .text._read_r  0x0000000008002030       0x24 /Users/johannes/Library/Application Support/Code/User/globalStorage/bmd.stm32-for-vscode/@xpack-dev-tools/arm-none-eabi-gcc/11.2.1-1.2.2/.content/bin/../lib/gcc/arm-none-eabi/11.2.1/../../../../arm-none-eabi/lib/thumb/v7e-m+dp/hard/libc_nano.a(lib_a-readr.o)
                0x0000000008002030                _read_r
 .text._close   0x0000000008002054       0x10 /Users/johannes/Library/Application Support/Code/User/globalStorage/bmd.stm32-for-vscode/@xpack-dev-tools/arm-none-eabi-gcc/11.2.1-1.2.2/.content/bin/../lib/gcc/arm-none-eabi/11.2.1/../../../../arm-none-eabi/lib/thumb/v7e-m+dp/hard/libnosys.a(close.o)
                0x0000000008002054                _close
 .text._fstat   0x0000000008002064       0x10 /Users/johannes/Library/Application Support/Code/User/globalStorage/bmd.stm32-for-vscode/@xpack-dev-tools/arm-none-eabi-gcc/11.2.1-1.2.2/.content/bin/../lib/gcc/arm-none-eabi/11.2.1/../../../../arm-none-eabi/lib/thumb/v7e-m+dp/hard/libnosys.a(fstat.o)
                0x0000000008002064                _fstat
 .text._isatty  0x0000000008002074       0x10 /Users/johannes/Library/Application Support/Code/User/globalStorage/bmd.stm32-for-vscode/@xpack-dev-tools/arm-none-eabi-gcc/11.2.1-1.2.2/.content/bin/../lib/gcc/arm-none-eabi/11.2.1/../../../../arm-none-eabi/lib/thumb/v7e-m+dp/hard/libnosys.a(isatty.o)
                0x0000000008002074                _isatty
 .text._lseek   0x0000000008002084       0x10 /Users/johannes/Library/Application Support/Code/User/globalStorage/bmd.stm32-for-vscode/@xpack-dev-tools/arm-none-eabi-gcc/11.2.1-1.2.2/.content/bin/../lib/gcc/arm-none-eabi/11.2.1/../../../../arm-none-eabi/lib/thumb/v7e-m+dp/hard/libnosys.a(lseek.o)
                0x0000000008002084                _lseek
 .text._read    0x0000000008002094       0x10 /Users/johannes/Library/Application Support/Code/User/globalStorage/bmd.stm32-for-vscode/@xpack-dev-tools/arm-none-eabi-gcc/11.2.1-1.2.2/.content/bin/../lib/gcc/arm-none-eabi/11.2.1/../../../../arm-none-eabi/lib/thumb/v7e-m+dp/hard/libnosys.a(read.o)
                0x0000000008002094                _read
 .text._sbrk    0x00000000080020a4       0x1c /Users/johannes/Library/Application Support/Code/User/globalStorage/bmd.stm32-for-vscode/@xpack-dev-tools/arm-none-eabi-gcc/11.2.1-1.2.2/.content/bin/../lib/gcc/arm-none-eabi/11.2.1/../../../../arm-none-eabi/lib/thumb/v7e-m+dp/hard/libnosys.a(sbrk.o)
                0x00000000080020a4                _sbrk
 *(.glue_7)
 .glue_7        0x00000000080020c0        0x0 linker stubs
 *(.glue_7t)
 .glue_7t       0x00000000080020c0        0x0 linker stubs
 *(.eh_frame)
 .eh_frame      0x00000000080020c0        0x0 /Users/johannes/Library/Application Support/Code/User/globalStorage/bmd.stm32-for-vscode/@xpack-dev-tools/arm-none-eabi-gcc/11.2.1-1.2.2/.content/bin/../lib/gcc/arm-none-eabi/11.2.1/thumb/v7e-m+dp/hard/crtbegin.o
 *(.init)
 .init          0x00000000080020c0        0x4 /Users/johannes/Library/Application Support/Code/User/globalStorage/bmd.stm32-for-vscode/@xpack-dev-tools/arm-none-eabi-gcc/11.2.1-1.2.2/.content/bin/../lib/gcc/arm-none-eabi/11.2.1/thumb/v7e-m+dp/hard/crti.o
                0x00000000080020c0                _init
 .init          0x00000000080020c4        0x8 /Users/johannes/Library/Application Support/Code/User/globalStorage/bmd.stm32-for-vscode/@xpack-dev-tools/arm-none-eabi-gcc/11.2.1-1.2.2/.content/bin/../lib/gcc/arm-none-eabi/11.2.1/thumb/v7e-m+dp/hard/crtn.o
 *(.fini)
 .fini          0x00000000080020cc        0x4 /Users/johannes/Library/Application Support/Code/User/globalStorage/bmd.stm32-for-vscode/@xpack-dev-tools/arm-none-eabi-gcc/11.2.1-1.2.2/.content/bin/../lib/gcc/arm-none-eabi/11.2.1/thumb/v7e-m+dp/hard/crti.o
                0x00000000080020cc                _fini
 .fini          0x00000000080020d0        0x8 /Users/johannes/Library/Application Support/Code/User/globalStorage/bmd.stm32-for-vscode/@xpack-dev-tools/arm-none-eabi-gcc/11.2.1-1.2.2/.content/bin/../lib/gcc/arm-none-eabi/11.2.1/thumb/v7e-m+dp/hard/crtn.o
                0x00000000080020d8                . = ALIGN (0x4)
                0x00000000080020d8                _etext = .

.vfp11_veneer   0x00000000080020d8        0x0
 .vfp11_veneer  0x00000000080020d8        0x0 linker stubs

.v4_bx          0x00000000080020d8        0x0
 .v4_bx         0x00000000080020d8        0x0 linker stubs

.iplt           0x00000000080020d8        0x0
 .iplt          0x00000000080020d8        0x0 /Users/johannes/Library/Application Support/Code/User/globalStorage/bmd.stm32-for-vscode/@xpack-dev-tools/arm-none-eabi-gcc/11.2.1-1.2.2/.content/bin/../lib/gcc/arm-none-eabi/11.2.1/thumb/v7e-m+dp/hard/crtbegin.o

.rodata         0x00000000080020d8       0x9c
                0x00000000080020d8                . = ALIGN (0x4)
 *(.rodata)
 .rodata        0x00000000080020d8       0x17 build/013_i2c_slave_tx_string.o
 *fill*         0x00000000080020ef        0x1 
 .rodata        0x00000000080020f0        0x9 build/SEGGER_RTT.o
 *(.rodata*)
 *fill*         0x00000000080020f9        0x3 
 .rodata._aInitStr.0
                0x00000000080020fc       0x11 build/SEGGER_RTT.o
 *fill*         0x000000000800210d        0x3 
 .rodata._global_impure_ptr
                0x0000000008002110        0x4 /Users/johannes/Library/Application Support/Code/User/globalStorage/bmd.stm32-for-vscode/@xpack-dev-tools/arm-none-eabi-gcc/11.2.1-1.2.2/.content/bin/../lib/gcc/arm-none-eabi/11.2.1/../../../../arm-none-eabi/lib/thumb/v7e-m+dp/hard/libc_nano.a(lib_a-impure.o)
                0x0000000008002110                _global_impure_ptr
 .rodata.__sf_fake_stderr
                0x0000000008002114       0x20 /Users/johannes/Library/Application Support/Code/User/globalStorage/bmd.stm32-for-vscode/@xpack-dev-tools/arm-none-eabi-gcc/11.2.1-1.2.2/.content/bin/../lib/gcc/arm-none-eabi/11.2.1/../../../../arm-none-eabi/lib/thumb/v7e-m+dp/hard/libc_nano.a(lib_a-findfp.o)
                0x0000000008002114                __sf_fake_stderr
 .rodata.__sf_fake_stdin
                0x0000000008002134       0x20 /Users/johannes/Library/Application Support/Code/User/globalStorage/bmd.stm32-for-vscode/@xpack-dev-tools/arm-none-eabi-gcc/11.2.1-1.2.2/.content/bin/../lib/gcc/arm-none-eabi/11.2.1/../../../../arm-none-eabi/lib/thumb/v7e-m+dp/hard/libc_nano.a(lib_a-findfp.o)
                0x0000000008002134                __sf_fake_stdin
 .rodata.__sf_fake_stdout
                0x0000000008002154       0x20 /Users/johannes/Library/Application Support/Code/User/globalStorage/bmd.stm32-for-vscode/@xpack-dev-tools/arm-none-eabi-gcc/11.2.1-1.2.2/.content/bin/../lib/gcc/arm-none-eabi/11.2.1/../../../../arm-none-eabi/lib/thumb/v7e-m+dp/hard/libc_nano.a(lib_a-findfp.o)
                0x0000000008002154                __sf_fake_stdout
                0x0000000008002174                . = ALIGN (0x4)

.ARM.extab
 *(.ARM.extab* .gnu.linkonce.armextab.*)

.ARM            0x0000000008002174        0x8
                0x0000000008002174                __exidx_start = .
 *(.ARM.exidx*)
 .ARM.exidx.text._close
                0x0000000008002174        0x8 /Users/johannes/Library/Application Support/Code/User/globalStorage/bmd.stm32-for-vscode/@xpack-dev-tools/arm-none-eabi-gcc/11.2.1-1.2.2/.content/bin/../lib/gcc/arm-none-eabi/11.2.1/../../../../arm-none-eabi/lib/thumb/v7e-m+dp/hard/libnosys.a(close.o)
 .ARM.exidx.text._fstat
                0x000000000800217c        0x0 /Users/johannes/Library/Application Support/Code/User/globalStorage/bmd.stm32-for-vscode/@xpack-dev-tools/arm-none-eabi-gcc/11.2.1-1.2.2/.content/bin/../lib/gcc/arm-none-eabi/11.2.1/../../../../arm-none-eabi/lib/thumb/v7e-m+dp/hard/libnosys.a(fstat.o)
                                          0x8 (size before relaxing)
 .ARM.exidx.text._isatty
                0x000000000800217c        0x0 /Users/johannes/Library/Application Support/Code/User/globalStorage/bmd.stm32-for-vscode/@xpack-dev-tools/arm-none-eabi-gcc/11.2.1-1.2.2/.content/bin/../lib/gcc/arm-none-eabi/11.2.1/../../../../arm-none-eabi/lib/thumb/v7e-m+dp/hard/libnosys.a(isatty.o)
                                          0x8 (size before relaxing)
 .ARM.exidx.text._lseek
                0x000000000800217c        0x0 /Users/johannes/Library/Application Support/Code/User/globalStorage/bmd.stm32-for-vscode/@xpack-dev-tools/arm-none-eabi-gcc/11.2.1-1.2.2/.content/bin/../lib/gcc/arm-none-eabi/11.2.1/../../../../arm-none-eabi/lib/thumb/v7e-m+dp/hard/libnosys.a(lseek.o)
                                          0x8 (size before relaxing)
 .ARM.exidx.text._read
                0x000000000800217c        0x0 /Users/johannes/Library/Application Support/Code/User/globalStorage/bmd.stm32-for-vscode/@xpack-dev-tools/arm-none-eabi-gcc/11.2.1-1.2.2/.content/bin/../lib/gcc/arm-none-eabi/11.2.1/../../../../arm-none-eabi/lib/thumb/v7e-m+dp/hard/libnosys.a(read.o)
                                          0x8 (size before relaxing)
 .ARM.exidx.text._sbrk
                0x000000000800217c        0x0 /Users/johannes/Library/Application Support/Code/User/globalStorage/bmd.stm32-for-vscode/@xpack-dev-tools/arm-none-eabi-gcc/11.2.1-1.2.2/.content/bin/../lib/gcc/arm-none-eabi/11.2.1/../../../../arm-none-eabi/lib/thumb/v7e-m+dp/hard/libnosys.a(sbrk.o)
                                          0x8 (size before relaxing)
                0x000000000800217c                __exidx_end = .

.rel.dyn        0x000000000800217c        0x0
 .rel.iplt      0x000000000800217c        0x0 /Users/johannes/Library/Application Support/Code/User/globalStorage/bmd.stm32-for-vscode/@xpack-dev-tools/arm-none-eabi-gcc/11.2.1-1.2.2/.content/bin/../lib/gcc/arm-none-eabi/11.2.1/thumb/v7e-m+dp/hard/crtbegin.o

.preinit_array  0x000000000800217c        0x0
                0x000000000800217c                PROVIDE (__preinit_array_start = .)
 *(.preinit_array*)
                0x000000000800217c                PROVIDE (__preinit_array_end = .)

.init_array     0x000000000800217c        0x4
                0x000000000800217c                PROVIDE (__init_array_start = .)
 *(SORT_BY_NAME(.init_array.*))
 *(.init_array*)
 .init_array    0x000000000800217c        0x4 /Users/johannes/Library/Application Support/Code/User/globalStorage/bmd.stm32-for-vscode/@xpack-dev-tools/arm-none-eabi-gcc/11.2.1-1.2.2/.content/bin/../lib/gcc/arm-none-eabi/11.2.1/thumb/v7e-m+dp/hard/crtbegin.o
                0x0000000008002180                PROVIDE (__init_array_end = .)

.fini_array     0x0000000008002180        0x4
                0x0000000008002180                PROVIDE (__fini_array_start = .)
 *(SORT_BY_NAME(.fini_array.*))
 *(.fini_array*)
 .fini_array    0x0000000008002180        0x4 /Users/johannes/Library/Application Support/Code/User/globalStorage/bmd.stm32-for-vscode/@xpack-dev-tools/arm-none-eabi-gcc/11.2.1-1.2.2/.content/bin/../lib/gcc/arm-none-eabi/11.2.1/thumb/v7e-m+dp/hard/crtbegin.o
                0x0000000008002184                PROVIDE (__fini_array_end = .)
                0x0000000008002184                _sidata = LOADADDR (.data)

.data           0x0000000020000000       0xd8 load address 0x0000000008002184
                0x0000000020000000                . = ALIGN (0x4)
                0x0000000020000000                _sdata = .
 *(.data)
 *(.data*)
 .data.Tx_buf   0x0000000020000000       0x20 build/013_i2c_slave_tx_string.o
                0x0000000020000000                Tx_buf
 .data.AHB_PreScaler
                0x0000000020000020       0x10 build/stm32f767xx_i2c_driver.o
                0x0000000020000020                AHB_PreScaler
 .data.APB1_PreScaler
                0x0000000020000030        0x4 build/stm32f767xx_i2c_driver.o
                0x0000000020000030                APB1_PreScaler
 .data.i2c_timings_8
                0x0000000020000034       0x10 build/stm32f767xx_i2c_driver.o
                0x0000000020000034                i2c_timings_8
 .data.i2c_timings_16
                0x0000000020000044       0x10 build/stm32f767xx_i2c_driver.o
                0x0000000020000044                i2c_timings_16
 .data.i2c_timings_48
                0x0000000020000054       0x10 build/stm32f767xx_i2c_driver.o
                0x0000000020000054                i2c_timings_48
 .data.i2c_timings_54
                0x0000000020000064       0x10 build/stm32f767xx_i2c_driver.o
                0x0000000020000064                i2c_timings_54
 .data._impure_ptr
                0x0000000020000074        0x4 /Users/johannes/Library/Application Support/Code/User/globalStorage/bmd.stm32-for-vscode/@xpack-dev-tools/arm-none-eabi-gcc/11.2.1-1.2.2/.content/bin/../lib/gcc/arm-none-eabi/11.2.1/../../../../arm-none-eabi/lib/thumb/v7e-m+dp/hard/libc_nano.a(lib_a-impure.o)
                0x0000000020000074                _impure_ptr
 .data.impure_data
                0x0000000020000078       0x60 /Users/johannes/Library/Application Support/Code/User/globalStorage/bmd.stm32-for-vscode/@xpack-dev-tools/arm-none-eabi-gcc/11.2.1-1.2.2/.content/bin/../lib/gcc/arm-none-eabi/11.2.1/../../../../arm-none-eabi/lib/thumb/v7e-m+dp/hard/libc_nano.a(lib_a-impure.o)
                0x00000000200000d8                . = ALIGN (0x4)
                0x00000000200000d8                _edata = .

.igot.plt       0x00000000200000d8        0x0 load address 0x000000000800225c
 .igot.plt      0x00000000200000d8        0x0 /Users/johannes/Library/Application Support/Code/User/globalStorage/bmd.stm32-for-vscode/@xpack-dev-tools/arm-none-eabi-gcc/11.2.1-1.2.2/.content/bin/../lib/gcc/arm-none-eabi/11.2.1/thumb/v7e-m+dp/hard/crtbegin.o
                0x00000000200000d8                . = ALIGN (0x4)

.bss            0x00000000200000d8      0x510 load address 0x000000000800225c
                0x00000000200000d8                _sbss = .
                0x00000000200000d8                __bss_start__ = _sbss
 *(.bss)
 *(.bss*)
 .bss.completed.1
                0x00000000200000d8        0x1 /Users/johannes/Library/Application Support/Code/User/globalStorage/bmd.stm32-for-vscode/@xpack-dev-tools/arm-none-eabi-gcc/11.2.1-1.2.2/.content/bin/../lib/gcc/arm-none-eabi/11.2.1/thumb/v7e-m+dp/hard/crtbegin.o
 *fill*         0x00000000200000d9        0x3 
 .bss.object.0  0x00000000200000dc       0x18 /Users/johannes/Library/Application Support/Code/User/globalStorage/bmd.stm32-for-vscode/@xpack-dev-tools/arm-none-eabi-gcc/11.2.1-1.2.2/.content/bin/../lib/gcc/arm-none-eabi/11.2.1/thumb/v7e-m+dp/hard/crtbegin.o
 .bss.I2C2Handle
                0x00000000200000f4       0x28 build/013_i2c_slave_tx_string.o
                0x00000000200000f4                I2C2Handle
 .bss.commandCode.1
                0x000000002000011c        0x1 build/013_i2c_slave_tx_string.o
 .bss.Cnt.0     0x000000002000011d        0x1 build/013_i2c_slave_tx_string.o
 *fill*         0x000000002000011e        0x2 
 .bss._SEGGER_RTT
                0x0000000020000120       0xa8 build/SEGGER_RTT.o
                0x0000000020000120                _SEGGER_RTT
 .bss._acUpBuffer
                0x00000000200001c8      0x400 build/SEGGER_RTT.o
 .bss._acDownBuffer
                0x00000000200005c8       0x10 build/SEGGER_RTT.o
 .bss.__malloc_free_list
                0x00000000200005d8        0x4 /Users/johannes/Library/Application Support/Code/User/globalStorage/bmd.stm32-for-vscode/@xpack-dev-tools/arm-none-eabi-gcc/11.2.1-1.2.2/.content/bin/../lib/gcc/arm-none-eabi/11.2.1/../../../../arm-none-eabi/lib/thumb/v7e-m+dp/hard/libc_nano.a(lib_a-nano-mallocr.o)
                0x00000000200005d8                __malloc_free_list
 .bss.__malloc_sbrk_start
                0x00000000200005dc        0x4 /Users/johannes/Library/Application Support/Code/User/globalStorage/bmd.stm32-for-vscode/@xpack-dev-tools/arm-none-eabi-gcc/11.2.1-1.2.2/.content/bin/../lib/gcc/arm-none-eabi/11.2.1/../../../../arm-none-eabi/lib/thumb/v7e-m+dp/hard/libc_nano.a(lib_a-nano-mallocr.o)
                0x00000000200005dc                __malloc_sbrk_start
 .bss.errno     0x00000000200005e0        0x4 /Users/johannes/Library/Application Support/Code/User/globalStorage/bmd.stm32-for-vscode/@xpack-dev-tools/arm-none-eabi-gcc/11.2.1-1.2.2/.content/bin/../lib/gcc/arm-none-eabi/11.2.1/../../../../arm-none-eabi/lib/thumb/v7e-m+dp/hard/libc_nano.a(lib_a-reent.o)
                0x00000000200005e0                errno
 .bss.heap_end.0
                0x00000000200005e4        0x4 /Users/johannes/Library/Application Support/Code/User/globalStorage/bmd.stm32-for-vscode/@xpack-dev-tools/arm-none-eabi-gcc/11.2.1-1.2.2/.content/bin/../lib/gcc/arm-none-eabi/11.2.1/../../../../arm-none-eabi/lib/thumb/v7e-m+dp/hard/libnosys.a(sbrk.o)
 *(COMMON)
                0x00000000200005e8                . = ALIGN (0x4)
                0x00000000200005e8                _ebss = .
                0x00000000200005e8                __bss_end__ = _ebss

._user_heap_stack
                0x00000000200005e8      0x600 load address 0x000000000800225c
                0x00000000200005e8                . = ALIGN (0x8)
                0x00000000200005e8                PROVIDE (end = .)
                [!provide]                        PROVIDE (_end = .)
                0x00000000200007e8                . = (. + _Min_Heap_Size)
 *fill*         0x00000000200005e8      0x200 
                0x0000000020000be8                . = (. + _Min_Stack_Size)
 *fill*         0x00000000200007e8      0x400 
                0x0000000020000be8                . = ALIGN (0x8)

/DISCARD/
 libc.a(*)
 libm.a(*)
 libgcc.a(*)

.ARM.attributes
                0x0000000000000000       0x2e
 *(.ARM.attributes)
 .ARM.attributes
                0x0000000000000000       0x1e /Users/johannes/Library/Application Support/Code/User/globalStorage/bmd.stm32-for-vscode/@xpack-dev-tools/arm-none-eabi-gcc/11.2.1-1.2.2/.content/bin/../lib/gcc/arm-none-eabi/11.2.1/thumb/v7e-m+dp/hard/crti.o
 .ARM.attributes
                0x000000000000001e       0x32 /Users/johannes/Library/Application Support/Code/User/globalStorage/bmd.stm32-for-vscode/@xpack-dev-tools/arm-none-eabi-gcc/11.2.1-1.2.2/.content/bin/../lib/gcc/arm-none-eabi/11.2.1/thumb/v7e-m+dp/hard/crtbegin.o
 .ARM.attributes
                0x0000000000000050       0x32 build/013_i2c_slave_tx_string.o
 .ARM.attributes
                0x0000000000000082       0x32 build/SEGGER_RTT.o
 .ARM.attributes
                0x00000000000000b4       0x32 build/SEGGER_RTT_Syscalls_GCC.o
 .ARM.attributes
                0x00000000000000e6       0x32 build/stm32f767xx_gpio_driver.o
 .ARM.attributes
                0x0000000000000118       0x32 build/stm32f767xx_i2c_driver.o
 .ARM.attributes
                0x000000000000014a       0x21 build/startup_stm32f767xx.o
 .ARM.attributes
                0x000000000000016b       0x32 /Users/johannes/Library/Application Support/Code/User/globalStorage/bmd.stm32-for-vscode/@xpack-dev-tools/arm-none-eabi-gcc/11.2.1-1.2.2/.content/bin/../lib/gcc/arm-none-eabi/11.2.1/../../../../arm-none-eabi/lib/thumb/v7e-m+dp/hard/libc_nano.a(lib_a-impure.o)
 .ARM.attributes
                0x000000000000019d       0x32 /Users/johannes/Library/Application Support/Code/User/globalStorage/bmd.stm32-for-vscode/@xpack-dev-tools/arm-none-eabi-gcc/11.2.1-1.2.2/.content/bin/../lib/gcc/arm-none-eabi/11.2.1/../../../../arm-none-eabi/lib/thumb/v7e-m+dp/hard/libc_nano.a(lib_a-init.o)
 .ARM.attributes
                0x00000000000001cf       0x32 /Users/johannes/Library/Application Support/Code/User/globalStorage/bmd.stm32-for-vscode/@xpack-dev-tools/arm-none-eabi-gcc/11.2.1-1.2.2/.content/bin/../lib/gcc/arm-none-eabi/11.2.1/../../../../arm-none-eabi/lib/thumb/v7e-m+dp/hard/libc_nano.a(lib_a-memcpy-stub.o)
 .ARM.attributes
                0x0000000000000201       0x32 /Users/johannes/Library/Application Support/Code/User/globalStorage/bmd.stm32-for-vscode/@xpack-dev-tools/arm-none-eabi-gcc/11.2.1-1.2.2/.content/bin/../lib/gcc/arm-none-eabi/11.2.1/../../../../arm-none-eabi/lib/thumb/v7e-m+dp/hard/libc_nano.a(lib_a-memset.o)
 .ARM.attributes
                0x0000000000000233       0x32 /Users/johannes/Library/Application Support/Code/User/globalStorage/bmd.stm32-for-vscode/@xpack-dev-tools/arm-none-eabi-gcc/11.2.1-1.2.2/.content/bin/../lib/gcc/arm-none-eabi/11.2.1/../../../../arm-none-eabi/lib/thumb/v7e-m+dp/hard/libc_nano.a(lib_a-puts.o)
 .ARM.attributes
                0x0000000000000265       0x17 /Users/johannes/Library/Application Support/Code/User/globalStorage/bmd.stm32-for-vscode/@xpack-dev-tools/arm-none-eabi-gcc/11.2.1-1.2.2/.content/bin/../lib/gcc/arm-none-eabi/11.2.1/../../../../arm-none-eabi/lib/thumb/v7e-m+dp/hard/libc_nano.a(lib_a-strlen.o)
 .ARM.attributes
                0x000000000000027c       0x32 /Users/johannes/Library/Application Support/Code/User/globalStorage/bmd.stm32-for-vscode/@xpack-dev-tools/arm-none-eabi-gcc/11.2.1-1.2.2/.content/bin/../lib/gcc/arm-none-eabi/11.2.1/../../../../arm-none-eabi/lib/thumb/v7e-m+dp/hard/libc_nano.a(lib_a-wbuf.o)
 .ARM.attributes
                0x00000000000002ae       0x32 /Users/johannes/Library/Application Support/Code/User/globalStorage/bmd.stm32-for-vscode/@xpack-dev-tools/arm-none-eabi-gcc/11.2.1-1.2.2/.content/bin/../lib/gcc/arm-none-eabi/11.2.1/../../../../arm-none-eabi/lib/thumb/v7e-m+dp/hard/libc_nano.a(lib_a-wsetup.o)
 .ARM.attributes
                0x00000000000002e0       0x32 /Users/johannes/Library/Application Support/Code/User/globalStorage/bmd.stm32-for-vscode/@xpack-dev-tools/arm-none-eabi-gcc/11.2.1-1.2.2/.content/bin/../lib/gcc/arm-none-eabi/11.2.1/../../../../arm-none-eabi/lib/thumb/v7e-m+dp/hard/libc_nano.a(lib_a-fflush.o)
 .ARM.attributes
                0x0000000000000312       0x32 /Users/johannes/Library/Application Support/Code/User/globalStorage/bmd.stm32-for-vscode/@xpack-dev-tools/arm-none-eabi-gcc/11.2.1-1.2.2/.content/bin/../lib/gcc/arm-none-eabi/11.2.1/../../../../arm-none-eabi/lib/thumb/v7e-m+dp/hard/libc_nano.a(lib_a-findfp.o)
 .ARM.attributes
                0x0000000000000344       0x32 /Users/johannes/Library/Application Support/Code/User/globalStorage/bmd.stm32-for-vscode/@xpack-dev-tools/arm-none-eabi-gcc/11.2.1-1.2.2/.content/bin/../lib/gcc/arm-none-eabi/11.2.1/../../../../arm-none-eabi/lib/thumb/v7e-m+dp/hard/libc_nano.a(lib_a-fwalk.o)
 .ARM.attributes
                0x0000000000000376       0x32 /Users/johannes/Library/Application Support/Code/User/globalStorage/bmd.stm32-for-vscode/@xpack-dev-tools/arm-none-eabi-gcc/11.2.1-1.2.2/.content/bin/../lib/gcc/arm-none-eabi/11.2.1/../../../../arm-none-eabi/lib/thumb/v7e-m+dp/hard/libc_nano.a(lib_a-makebuf.o)
 .ARM.attributes
                0x00000000000003a8       0x32 /Users/johannes/Library/Application Support/Code/User/globalStorage/bmd.stm32-for-vscode/@xpack-dev-tools/arm-none-eabi-gcc/11.2.1-1.2.2/.content/bin/../lib/gcc/arm-none-eabi/11.2.1/../../../../arm-none-eabi/lib/thumb/v7e-m+dp/hard/libc_nano.a(lib_a-nano-freer.o)
 .ARM.attributes
                0x00000000000003da       0x32 /Users/johannes/Library/Application Support/Code/User/globalStorage/bmd.stm32-for-vscode/@xpack-dev-tools/arm-none-eabi-gcc/11.2.1-1.2.2/.content/bin/../lib/gcc/arm-none-eabi/11.2.1/../../../../arm-none-eabi/lib/thumb/v7e-m+dp/hard/libc_nano.a(lib_a-nano-mallocr.o)
 .ARM.attributes
                0x000000000000040c       0x32 /Users/johannes/Library/Application Support/Code/User/globalStorage/bmd.stm32-for-vscode/@xpack-dev-tools/arm-none-eabi-gcc/11.2.1-1.2.2/.content/bin/../lib/gcc/arm-none-eabi/11.2.1/../../../../arm-none-eabi/lib/thumb/v7e-m+dp/hard/libc_nano.a(lib_a-sbrkr.o)
 .ARM.attributes
                0x000000000000043e       0x32 /Users/johannes/Library/Application Support/Code/User/globalStorage/bmd.stm32-for-vscode/@xpack-dev-tools/arm-none-eabi-gcc/11.2.1-1.2.2/.content/bin/../lib/gcc/arm-none-eabi/11.2.1/../../../../arm-none-eabi/lib/thumb/v7e-m+dp/hard/libc_nano.a(lib_a-stdio.o)
 .ARM.attributes
                0x0000000000000470       0x32 /Users/johannes/Library/Application Support/Code/User/globalStorage/bmd.stm32-for-vscode/@xpack-dev-tools/arm-none-eabi-gcc/11.2.1-1.2.2/.content/bin/../lib/gcc/arm-none-eabi/11.2.1/../../../../arm-none-eabi/lib/thumb/v7e-m+dp/hard/libc_nano.a(lib_a-closer.o)
 .ARM.attributes
                0x00000000000004a2       0x32 /Users/johannes/Library/Application Support/Code/User/globalStorage/bmd.stm32-for-vscode/@xpack-dev-tools/arm-none-eabi-gcc/11.2.1-1.2.2/.content/bin/../lib/gcc/arm-none-eabi/11.2.1/../../../../arm-none-eabi/lib/thumb/v7e-m+dp/hard/libc_nano.a(lib_a-fstatr.o)
 .ARM.attributes
                0x00000000000004d4       0x32 /Users/johannes/Library/Application Support/Code/User/globalStorage/bmd.stm32-for-vscode/@xpack-dev-tools/arm-none-eabi-gcc/11.2.1-1.2.2/.content/bin/../lib/gcc/arm-none-eabi/11.2.1/../../../../arm-none-eabi/lib/thumb/v7e-m+dp/hard/libc_nano.a(lib_a-isattyr.o)
 .ARM.attributes
                0x0000000000000506       0x32 /Users/johannes/Library/Application Support/Code/User/globalStorage/bmd.stm32-for-vscode/@xpack-dev-tools/arm-none-eabi-gcc/11.2.1-1.2.2/.content/bin/../lib/gcc/arm-none-eabi/11.2.1/../../../../arm-none-eabi/lib/thumb/v7e-m+dp/hard/libc_nano.a(lib_a-lseekr.o)
 .ARM.attributes
                0x0000000000000538       0x32 /Users/johannes/Library/Application Support/Code/User/globalStorage/bmd.stm32-for-vscode/@xpack-dev-tools/arm-none-eabi-gcc/11.2.1-1.2.2/.content/bin/../lib/gcc/arm-none-eabi/11.2.1/../../../../arm-none-eabi/lib/thumb/v7e-m+dp/hard/libc_nano.a(lib_a-mlock.o)
 .ARM.attributes
                0x000000000000056a       0x32 /Users/johannes/Library/Application Support/Code/User/globalStorage/bmd.stm32-for-vscode/@xpack-dev-tools/arm-none-eabi-gcc/11.2.1-1.2.2/.content/bin/../lib/gcc/arm-none-eabi/11.2.1/../../../../arm-none-eabi/lib/thumb/v7e-m+dp/hard/libc_nano.a(lib_a-readr.o)
 .ARM.attributes
                0x000000000000059c       0x32 /Users/johannes/Library/Application Support/Code/User/globalStorage/bmd.stm32-for-vscode/@xpack-dev-tools/arm-none-eabi-gcc/11.2.1-1.2.2/.content/bin/../lib/gcc/arm-none-eabi/11.2.1/../../../../arm-none-eabi/lib/thumb/v7e-m+dp/hard/libc_nano.a(lib_a-reent.o)
 .ARM.attributes
                0x00000000000005ce       0x32 /Users/johannes/Library/Application Support/Code/User/globalStorage/bmd.stm32-for-vscode/@xpack-dev-tools/arm-none-eabi-gcc/11.2.1-1.2.2/.content/bin/../lib/gcc/arm-none-eabi/11.2.1/../../../../arm-none-eabi/lib/thumb/v7e-m+dp/hard/libnosys.a(close.o)
 .ARM.attributes
                0x0000000000000600       0x32 /Users/johannes/Library/Application Support/Code/User/globalStorage/bmd.stm32-for-vscode/@xpack-dev-tools/arm-none-eabi-gcc/11.2.1-1.2.2/.content/bin/../lib/gcc/arm-none-eabi/11.2.1/../../../../arm-none-eabi/lib/thumb/v7e-m+dp/hard/libnosys.a(fstat.o)
 .ARM.attributes
                0x0000000000000632       0x32 /Users/johannes/Library/Application Support/Code/User/globalStorage/bmd.stm32-for-vscode/@xpack-dev-tools/arm-none-eabi-gcc/11.2.1-1.2.2/.content/bin/../lib/gcc/arm-none-eabi/11.2.1/../../../../arm-none-eabi/lib/thumb/v7e-m+dp/hard/libnosys.a(isatty.o)
 .ARM.attributes
                0x0000000000000664       0x32 /Users/johannes/Library/Application Support/Code/User/globalStorage/bmd.stm32-for-vscode/@xpack-dev-tools/arm-none-eabi-gcc/11.2.1-1.2.2/.content/bin/../lib/gcc/arm-none-eabi/11.2.1/../../../../arm-none-eabi/lib/thumb/v7e-m+dp/hard/libnosys.a(lseek.o)
 .ARM.attributes
                0x0000000000000696       0x32 /Users/johannes/Library/Application Support/Code/User/globalStorage/bmd.stm32-for-vscode/@xpack-dev-tools/arm-none-eabi-gcc/11.2.1-1.2.2/.content/bin/../lib/gcc/arm-none-eabi/11.2.1/../../../../arm-none-eabi/lib/thumb/v7e-m+dp/hard/libnosys.a(read.o)
 .ARM.attributes
                0x00000000000006c8       0x32 /Users/johannes/Library/Application Support/Code/User/globalStorage/bmd.stm32-for-vscode/@xpack-dev-tools/arm-none-eabi-gcc/11.2.1-1.2.2/.content/bin/../lib/gcc/arm-none-eabi/11.2.1/../../../../arm-none-eabi/lib/thumb/v7e-m+dp/hard/libnosys.a(sbrk.o)
 .ARM.attributes
                0x00000000000006fa       0x1e /Users/johannes/Library/Application Support/Code/User/globalStorage/bmd.stm32-for-vscode/@xpack-dev-tools/arm-none-eabi-gcc/11.2.1-1.2.2/.content/bin/../lib/gcc/arm-none-eabi/11.2.1/thumb/v7e-m+dp/hard/crtn.o
OUTPUT(build/stm32f7xx_drivers.elf elf32-littlearm)
LOAD linker stubs
LOAD /Users/johannes/Library/Application Support/Code/User/globalStorage/bmd.stm32-for-vscode/@xpack-dev-tools/arm-none-eabi-gcc/11.2.1-1.2.2/.content/bin/../lib/gcc/arm-none-eabi/11.2.1/../../../../arm-none-eabi/lib/thumb/v7e-m+dp/hard/libc.a
LOAD /Users/johannes/Library/Application Support/Code/User/globalStorage/bmd.stm32-for-vscode/@xpack-dev-tools/arm-none-eabi-gcc/11.2.1-1.2.2/.content/bin/../lib/gcc/arm-none-eabi/11.2.1/../../../../arm-none-eabi/lib/thumb/v7e-m+dp/hard/libm.a
LOAD /Users/johannes/Library/Application Support/Code/User/globalStorage/bmd.stm32-for-vscode/@xpack-dev-tools/arm-none-eabi-gcc/11.2.1-1.2.2/.content/bin/../lib/gcc/arm-none-eabi/11.2.1/thumb/v7e-m+dp/hard/libgcc.a

.comment        0x0000000000000000       0x39
 .comment       0x0000000000000000       0x39 /Users/johannes/Library/Application Support/Code/User/globalStorage/bmd.stm32-for-vscode/@xpack-dev-tools/arm-none-eabi-gcc/11.2.1-1.2.2/.content/bin/../lib/gcc/arm-none-eabi/11.2.1/thumb/v7e-m+dp/hard/crtbegin.o
                                         0x3a (size before relaxing)
 .comment       0x0000000000000039       0x3a build/013_i2c_slave_tx_string.o
 .comment       0x0000000000000039       0x3a build/SEGGER_RTT.o
 .comment       0x0000000000000039       0x3a build/SEGGER_RTT_Syscalls_GCC.o
 .comment       0x0000000000000039       0x3a build/stm32f767xx_gpio_driver.o
 .comment       0x0000000000000039       0x3a build/stm32f767xx_i2c_driver.o
 .comment       0x0000000000000039       0x3a /Users/johannes/Library/Application Support/Code/User/globalStorage/bmd.stm32-for-vscode/@xpack-dev-tools/arm-none-eabi-gcc/11.2.1-1.2.2/.content/bin/../lib/gcc/arm-none-eabi/11.2.1/../../../../arm-none-eabi/lib/thumb/v7e-m+dp/hard/libc_nano.a(lib_a-impure.o)
 .comment       0x0000000000000039       0x3a /Users/johannes/Library/Application Support/Code/User/globalStorage/bmd.stm32-for-vscode/@xpack-dev-tools/arm-none-eabi-gcc/11.2.1-1.2.2/.content/bin/../lib/gcc/arm-none-eabi/11.2.1/../../../../arm-none-eabi/lib/thumb/v7e-m+dp/hard/libc_nano.a(lib_a-init.o)
 .comment       0x0000000000000039       0x3a /Users/johannes/Library/Application Support/Code/User/globalStorage/bmd.stm32-for-vscode/@xpack-dev-tools/arm-none-eabi-gcc/11.2.1-1.2.2/.content/bin/../lib/gcc/arm-none-eabi/11.2.1/../../../../arm-none-eabi/lib/thumb/v7e-m+dp/hard/libc_nano.a(lib_a-memcpy-stub.o)
 .comment       0x0000000000000039       0x3a /Users/johannes/Library/Application Support/Code/User/globalStorage/bmd.stm32-for-vscode/@xpack-dev-tools/arm-none-eabi-gcc/11.2.1-1.2.2/.content/bin/../lib/gcc/arm-none-eabi/11.2.1/../../../../arm-none-eabi/lib/thumb/v7e-m+dp/hard/libc_nano.a(lib_a-memset.o)
 .comment       0x0000000000000039       0x3a /Users/johannes/Library/Application Support/Code/User/globalStorage/bmd.stm32-for-vscode/@xpack-dev-tools/arm-none-eabi-gcc/11.2.1-1.2.2/.content/bin/../lib/gcc/arm-none-eabi/11.2.1/../../../../arm-none-eabi/lib/thumb/v7e-m+dp/hard/libc_nano.a(lib_a-puts.o)
 .comment       0x0000000000000039       0x3a /Users/johannes/Library/Application Support/Code/User/globalStorage/bmd.stm32-for-vscode/@xpack-dev-tools/arm-none-eabi-gcc/11.2.1-1.2.2/.content/bin/../lib/gcc/arm-none-eabi/11.2.1/../../../../arm-none-eabi/lib/thumb/v7e-m+dp/hard/libc_nano.a(lib_a-wbuf.o)
 .comment       0x0000000000000039       0x3a /Users/johannes/Library/Application Support/Code/User/globalStorage/bmd.stm32-for-vscode/@xpack-dev-tools/arm-none-eabi-gcc/11.2.1-1.2.2/.content/bin/../lib/gcc/arm-none-eabi/11.2.1/../../../../arm-none-eabi/lib/thumb/v7e-m+dp/hard/libc_nano.a(lib_a-wsetup.o)
 .comment       0x0000000000000039       0x3a /Users/johannes/Library/Application Support/Code/User/globalStorage/bmd.stm32-for-vscode/@xpack-dev-tools/arm-none-eabi-gcc/11.2.1-1.2.2/.content/bin/../lib/gcc/arm-none-eabi/11.2.1/../../../../arm-none-eabi/lib/thumb/v7e-m+dp/hard/libc_nano.a(lib_a-fflush.o)
 .comment       0x0000000000000039       0x3a /Users/johannes/Library/Application Support/Code/User/globalStorage/bmd.stm32-for-vscode/@xpack-dev-tools/arm-none-eabi-gcc/11.2.1-1.2.2/.content/bin/../lib/gcc/arm-none-eabi/11.2.1/../../../../arm-none-eabi/lib/thumb/v7e-m+dp/hard/libc_nano.a(lib_a-findfp.o)
 .comment       0x0000000000000039       0x3a /Users/johannes/Library/Application Support/Code/User/globalStorage/bmd.stm32-for-vscode/@xpack-dev-tools/arm-none-eabi-gcc/11.2.1-1.2.2/.content/bin/../lib/gcc/arm-none-eabi/11.2.1/../../../../arm-none-eabi/lib/thumb/v7e-m+dp/hard/libc_nano.a(lib_a-fwalk.o)
 .comment       0x0000000000000039       0x3a /Users/johannes/Library/Application Support/Code/User/globalStorage/bmd.stm32-for-vscode/@xpack-dev-tools/arm-none-eabi-gcc/11.2.1-1.2.2/.content/bin/../lib/gcc/arm-none-eabi/11.2.1/../../../../arm-none-eabi/lib/thumb/v7e-m+dp/hard/libc_nano.a(lib_a-makebuf.o)
 .comment       0x0000000000000039       0x3a /Users/johannes/Library/Application Support/Code/User/globalStorage/bmd.stm32-for-vscode/@xpack-dev-tools/arm-none-eabi-gcc/11.2.1-1.2.2/.content/bin/../lib/gcc/arm-none-eabi/11.2.1/../../../../arm-none-eabi/lib/thumb/v7e-m+dp/hard/libc_nano.a(lib_a-nano-freer.o)
 .comment       0x0000000000000039       0x3a /Users/johannes/Library/Application Support/Code/User/globalStorage/bmd.stm32-for-vscode/@xpack-dev-tools/arm-none-eabi-gcc/11.2.1-1.2.2/.content/bin/../lib/gcc/arm-none-eabi/11.2.1/../../../../arm-none-eabi/lib/thumb/v7e-m+dp/hard/libc_nano.a(lib_a-nano-mallocr.o)
 .comment       0x0000000000000039       0x3a /Users/johannes/Library/Application Support/Code/User/globalStorage/bmd.stm32-for-vscode/@xpack-dev-tools/arm-none-eabi-gcc/11.2.1-1.2.2/.content/bin/../lib/gcc/arm-none-eabi/11.2.1/../../../../arm-none-eabi/lib/thumb/v7e-m+dp/hard/libc_nano.a(lib_a-sbrkr.o)
 .comment       0x0000000000000039       0x3a /Users/johannes/Library/Application Support/Code/User/globalStorage/bmd.stm32-for-vscode/@xpack-dev-tools/arm-none-eabi-gcc/11.2.1-1.2.2/.content/bin/../lib/gcc/arm-none-eabi/11.2.1/../../../../arm-none-eabi/lib/thumb/v7e-m+dp/hard/libc_nano.a(lib_a-stdio.o)
 .comment       0x0000000000000039       0x3a /Users/johannes/Library/Application Support/Code/User/globalStorage/bmd.stm32-for-vscode/@xpack-dev-tools/arm-none-eabi-gcc/11.2.1-1.2.2/.content/bin/../lib/gcc/arm-none-eabi/11.2.1/../../../../arm-none-eabi/lib/thumb/v7e-m+dp/hard/libc_nano.a(lib_a-closer.o)
 .comment       0x0000000000000039       0x3a /Users/johannes/Library/Application Support/Code/User/globalStorage/bmd.stm32-for-vscode/@xpack-dev-tools/arm-none-eabi-gcc/11.2.1-1.2.2/.content/bin/../lib/gcc/arm-none-eabi/11.2.1/../../../../arm-none-eabi/lib/thumb/v7e-m+dp/hard/libc_nano.a(lib_a-fstatr.o)
 .comment       0x0000000000000039       0x3a /Users/johannes/Library/Application Support/Code/User/globalStorage/bmd.stm32-for-vscode/@xpack-dev-tools/arm-none-eabi-gcc/11.2.1-1.2.2/.content/bin/../lib/gcc/arm-none-eabi/11.2.1/../../../../arm-none-eabi/lib/thumb/v7e-m+dp/hard/libc_nano.a(lib_a-isattyr.o)
 .comment       0x0000000000000039       0x3a /Users/johannes/Library/Application Support/Code/User/globalStorage/bmd.stm32-for-vscode/@xpack-dev-tools/arm-none-eabi-gcc/11.2.1-1.2.2/.content/bin/../lib/gcc/arm-none-eabi/11.2.1/../../../../arm-none-eabi/lib/thumb/v7e-m+dp/hard/libc_nano.a(lib_a-lseekr.o)
 .comment       0x0000000000000039       0x3a /Users/johannes/Library/Application Support/Code/User/globalStorage/bmd.stm32-for-vscode/@xpack-dev-tools/arm-none-eabi-gcc/11.2.1-1.2.2/.content/bin/../lib/gcc/arm-none-eabi/11.2.1/../../../../arm-none-eabi/lib/thumb/v7e-m+dp/hard/libc_nano.a(lib_a-mlock.o)
 .comment       0x0000000000000039       0x3a /Users/johannes/Library/Application Support/Code/User/globalStorage/bmd.stm32-for-vscode/@xpack-dev-tools/arm-none-eabi-gcc/11.2.1-1.2.2/.content/bin/../lib/gcc/arm-none-eabi/11.2.1/../../../../arm-none-eabi/lib/thumb/v7e-m+dp/hard/libc_nano.a(lib_a-readr.o)
 .comment       0x0000000000000039       0x3a /Users/johannes/Library/Application Support/Code/User/globalStorage/bmd.stm32-for-vscode/@xpack-dev-tools/arm-none-eabi-gcc/11.2.1-1.2.2/.content/bin/../lib/gcc/arm-none-eabi/11.2.1/../../../../arm-none-eabi/lib/thumb/v7e-m+dp/hard/libc_nano.a(lib_a-reent.o)
 .comment       0x0000000000000039       0x3a /Users/johannes/Library/Application Support/Code/User/globalStorage/bmd.stm32-for-vscode/@xpack-dev-tools/arm-none-eabi-gcc/11.2.1-1.2.2/.content/bin/../lib/gcc/arm-none-eabi/11.2.1/../../../../arm-none-eabi/lib/thumb/v7e-m+dp/hard/libnosys.a(close.o)
 .comment       0x0000000000000039       0x3a /Users/johannes/Library/Application Support/Code/User/globalStorage/bmd.stm32-for-vscode/@xpack-dev-tools/arm-none-eabi-gcc/11.2.1-1.2.2/.content/bin/../lib/gcc/arm-none-eabi/11.2.1/../../../../arm-none-eabi/lib/thumb/v7e-m+dp/hard/libnosys.a(fstat.o)
 .comment       0x0000000000000039       0x3a /Users/johannes/Library/Application Support/Code/User/globalStorage/bmd.stm32-for-vscode/@xpack-dev-tools/arm-none-eabi-gcc/11.2.1-1.2.2/.content/bin/../lib/gcc/arm-none-eabi/11.2.1/../../../../arm-none-eabi/lib/thumb/v7e-m+dp/hard/libnosys.a(isatty.o)
 .comment       0x0000000000000039       0x3a /Users/johannes/Library/Application Support/Code/User/globalStorage/bmd.stm32-for-vscode/@xpack-dev-tools/arm-none-eabi-gcc/11.2.1-1.2.2/.content/bin/../lib/gcc/arm-none-eabi/11.2.1/../../../../arm-none-eabi/lib/thumb/v7e-m+dp/hard/libnosys.a(lseek.o)
 .comment       0x0000000000000039       0x3a /Users/johannes/Library/Application Support/Code/User/globalStorage/bmd.stm32-for-vscode/@xpack-dev-tools/arm-none-eabi-gcc/11.2.1-1.2.2/.content/bin/../lib/gcc/arm-none-eabi/11.2.1/../../../../arm-none-eabi/lib/thumb/v7e-m+dp/hard/libnosys.a(read.o)
 .comment       0x0000000000000039       0x3a /Users/johannes/Library/Application Support/Code/User/globalStorage/bmd.stm32-for-vscode/@xpack-dev-tools/arm-none-eabi-gcc/11.2.1-1.2.2/.content/bin/../lib/gcc/arm-none-eabi/11.2.1/../../../../arm-none-eabi/lib/thumb/v7e-m+dp/hard/libnosys.a(sbrk.o)

.debug_info     0x0000000000000000     0x35e8
 .debug_info    0x0000000000000000      0x5c6 build/013_i2c_slave_tx_string.o
 .debug_info    0x00000000000005c6     0x14af build/SEGGER_RTT.o
 .debug_info    0x0000000000001a75      0x952 build/SEGGER_RTT_Syscalls_GCC.o
 .debug_info    0x00000000000023c7      0x74c build/stm32f767xx_gpio_driver.o
 .debug_info    0x0000000000002b13      0xab2 build/stm32f767xx_i2c_driver.o
 .debug_info    0x00000000000035c5       0x23 build/startup_stm32f767xx.o

.debug_abbrev   0x0000000000000000      0x9c0
 .debug_abbrev  0x0000000000000000      0x1be build/013_i2c_slave_tx_string.o
 .debug_abbrev  0x00000000000001be      0x22e build/SEGGER_RTT.o
 .debug_abbrev  0x00000000000003ec      0x218 build/SEGGER_RTT_Syscalls_GCC.o
 .debug_abbrev  0x0000000000000604      0x176 build/stm32f767xx_gpio_driver.o
 .debug_abbrev  0x000000000000077a      0x234 build/stm32f767xx_i2c_driver.o
 .debug_abbrev  0x00000000000009ae       0x12 build/startup_stm32f767xx.o

.debug_aranges  0x0000000000000000      0x328
 .debug_aranges
                0x0000000000000000       0x58 build/013_i2c_slave_tx_string.o
 .debug_aranges
                0x0000000000000058      0x138 build/SEGGER_RTT.o
 .debug_aranges
                0x0000000000000190       0x28 build/SEGGER_RTT_Syscalls_GCC.o
 .debug_aranges
                0x00000000000001b8       0x70 build/stm32f767xx_gpio_driver.o
 .debug_aranges
                0x0000000000000228       0xd8 build/stm32f767xx_i2c_driver.o
 .debug_aranges
                0x0000000000000300       0x28 build/startup_stm32f767xx.o

.debug_rnglists
                0x0000000000000000      0x260
 .debug_rnglists
                0x0000000000000000       0x3e build/013_i2c_slave_tx_string.o
 .debug_rnglists
                0x000000000000003e       0xf5 build/SEGGER_RTT.o
 .debug_rnglists
                0x0000000000000133       0x19 build/SEGGER_RTT_Syscalls_GCC.o
 .debug_rnglists
                0x000000000000014c       0x53 build/stm32f767xx_gpio_driver.o
 .debug_rnglists
                0x000000000000019f       0xa8 build/stm32f767xx_i2c_driver.o
 .debug_rnglists
                0x0000000000000247       0x19 build/startup_stm32f767xx.o

.debug_line     0x0000000000000000     0x262a
 .debug_line    0x0000000000000000      0x4ed build/013_i2c_slave_tx_string.o
 .debug_line    0x00000000000004ed      0xb0d build/SEGGER_RTT.o
 .debug_line    0x0000000000000ffa      0x2cb build/SEGGER_RTT_Syscalls_GCC.o
 .debug_line    0x00000000000012c5      0x83e build/stm32f767xx_gpio_driver.o
 .debug_line    0x0000000000001b03      0xab1 build/stm32f767xx_i2c_driver.o
 .debug_line    0x00000000000025b4       0x76 build/startup_stm32f767xx.o

.debug_str      0x0000000000000000     0x1262
 .debug_str     0x0000000000000000      0x493 build/013_i2c_slave_tx_string.o
                                        0x4e9 (size before relaxing)
 .debug_str     0x0000000000000493      0x4c7 build/SEGGER_RTT.o
                                        0x6a7 (size before relaxing)
 .debug_str     0x000000000000095a      0x3e3 build/SEGGER_RTT_Syscalls_GCC.o
                                        0x597 (size before relaxing)
 .debug_str     0x0000000000000d3d      0x2c4 build/stm32f767xx_gpio_driver.o
                                        0x565 (size before relaxing)
 .debug_str     0x0000000000001001      0x23c build/stm32f767xx_i2c_driver.o
                                        0x705 (size before relaxing)
 .debug_str     0x000000000000123d       0x25 build/startup_stm32f767xx.o
                                         0x7b (size before relaxing)

.debug_frame    0x0000000000000000      0xc1c
 .debug_frame   0x0000000000000000      0x11c build/013_i2c_slave_tx_string.o
 .debug_frame   0x000000000000011c      0x52c build/SEGGER_RTT.o
 .debug_frame   0x0000000000000648       0x58 build/SEGGER_RTT_Syscalls_GCC.o
 .debug_frame   0x00000000000006a0      0x1c8 build/stm32f767xx_gpio_driver.o
 .debug_frame   0x0000000000000868      0x3b4 build/stm32f767xx_i2c_driver.o

.debug_line_str
                0x0000000000000000       0x6c
 .debug_line_str
                0x0000000000000000       0x6c build/startup_stm32f767xx.o
                                         0x82 (size before relaxing)

Cross Reference Table

Symbol                                            File
ADC_IRQHandler                                    build/startup_stm32f767xx.o
AHB_PreScaler                                     build/stm32f767xx_i2c_driver.o
APB1_PreScaler                                    build/stm32f767xx_i2c_driver.o
BusFault_Handler                                  build/startup_stm32f767xx.o
CAN1_RX0_IRQHandler                               build/startup_stm32f767xx.o
CAN1_RX1_IRQHandler                               build/startup_stm32f767xx.o
CAN1_SCE_IRQHandler                               build/startup_stm32f767xx.o
CAN1_TX_IRQHandler                                build/startup_stm32f767xx.o
CAN2_RX0_IRQHandler                               build/startup_stm32f767xx.o
CAN2_RX1_IRQHandler                               build/startup_stm32f767xx.o
CAN2_SCE_IRQHandler                               build/startup_stm32f767xx.o
CAN2_TX_IRQHandler                                build/startup_stm32f767xx.o
CAN3_RX0_IRQHandler                               build/startup_stm32f767xx.o
CAN3_RX1_IRQHandler                               build/startup_stm32f767xx.o
CAN3_SCE_IRQHandler                               build/startup_stm32f767xx.o
CAN3_TX_IRQHandler                                build/startup_stm32f767xx.o
CEC_IRQHandler                                    build/startup_stm32f767xx.o
DCMI_IRQHandler                                   build/startup_stm32f767xx.o
DFSDM1_FLT0_IRQHandler                            build/startup_stm32f767xx.o
DFSDM1_FLT1_IRQHandler                            build/startup_stm32f767xx.o
DFSDM1_FLT2_IRQHandler                            build/startup_stm32f767xx.o
DFSDM1_FLT3_IRQHandler                            build/startup_stm32f767xx.o
DMA1_Stream0_IRQHandler                           build/startup_stm32f767xx.o
DMA1_Stream1_IRQHandler                           build/startup_stm32f767xx.o
DMA1_Stream2_IRQHandler                           build/startup_stm32f767xx.o
DMA1_Stream3_IRQHandler                           build/startup_stm32f767xx.o
DMA1_Stream4_IRQHandler                           build/startup_stm32f767xx.o
DMA1_Stream5_IRQHandler                           build/startup_stm32f767xx.o
DMA1_Stream6_IRQHandler                           build/startup_stm32f767xx.o
DMA1_Stream7_IRQHandler                           build/startup_stm32f767xx.o
DMA2D_IRQHandler                                  build/startup_stm32f767xx.o
DMA2_Stream0_IRQHandler                           build/startup_stm32f767xx.o
DMA2_Stream1_IRQHandler                           build/startup_stm32f767xx.o
DMA2_Stream2_IRQHandler                           build/startup_stm32f767xx.o
DMA2_Stream3_IRQHandler                           build/startup_stm32f767xx.o
DMA2_Stream4_IRQHandler                           build/startup_stm32f767xx.o
DMA2_Stream5_IRQHandler                           build/startup_stm32f767xx.o
DMA2_Stream6_IRQHandler                           build/startup_stm32f767xx.o
DMA2_Stream7_IRQHandler                           build/startup_stm32f767xx.o
DebugMon_Handler                                  build/startup_stm32f767xx.o
Default_Handler                                   build/startup_stm32f767xx.o
ETH_IRQHandler                                    build/startup_stm32f767xx.o
ETH_WKUP_IRQHandler                               build/startup_stm32f767xx.o
EXTI0_IRQHandler                                  build/startup_stm32f767xx.o
EXTI15_10_IRQHandler                              build/startup_stm32f767xx.o
EXTI1_IRQHandler                                  build/startup_stm32f767xx.o
EXTI2_IRQHandler                                  build/startup_stm32f767xx.o
EXTI3_IRQHandler                                  build/startup_stm32f767xx.o
EXTI4_IRQHandler                                  build/startup_stm32f767xx.o
EXTI9_5_IRQHandler                                build/startup_stm32f767xx.o
FLASH_IRQHandler                                  build/startup_stm32f767xx.o
FMC_IRQHandler                                    build/startup_stm32f767xx.o
FPU_IRQHandler                                    build/startup_stm32f767xx.o
GPIO_ButtonInit                                   build/013_i2c_slave_tx_string.o
GPIO_DeInit                                       build/stm32f767xx_gpio_driver.o
GPIO_IRQHandling                                  build/stm32f767xx_gpio_driver.o
GPIO_IRQInterruptConfig                           build/stm32f767xx_gpio_driver.o
GPIO_IRQPriorityConfig                            build/stm32f767xx_gpio_driver.o
GPIO_Init                                         build/stm32f767xx_gpio_driver.o
                                                  build/013_i2c_slave_tx_string.o
GPIO_PeriClockControl                             build/stm32f767xx_gpio_driver.o
GPIO_ReadFromInputPin                             build/stm32f767xx_gpio_driver.o
GPIO_ReadFromInputPort                            build/stm32f767xx_gpio_driver.o
GPIO_ToggleOutputPin                              build/stm32f767xx_gpio_driver.o
GPIO_WriteToOutputPin                             build/stm32f767xx_gpio_driver.o
GPIO_WriteToOutputPort                            build/stm32f767xx_gpio_driver.o
HardFault_Handler                                 build/startup_stm32f767xx.o
I2C1_ER_IRQHandler                                build/startup_stm32f767xx.o
I2C1_EV_IRQHandler                                build/startup_stm32f767xx.o
I2C2Handle                                        build/013_i2c_slave_tx_string.o
I2C2_ER_IRQHandler                                build/013_i2c_slave_tx_string.o
I2C2_EV_IRQHandler                                build/013_i2c_slave_tx_string.o
I2C2_GPIOInits                                    build/013_i2c_slave_tx_string.o
I2C2_Inits                                        build/013_i2c_slave_tx_string.o
I2C3_ER_IRQHandler                                build/startup_stm32f767xx.o
I2C3_EV_IRQHandler                                build/startup_stm32f767xx.o
I2C4_ER_IRQHandler                                build/startup_stm32f767xx.o
I2C4_EV_IRQHandler                                build/startup_stm32f767xx.o
I2C_ApplicationEventCallback                      build/013_i2c_slave_tx_string.o
                                                  build/stm32f767xx_i2c_driver.o
I2C_CloseReceiveData                              build/stm32f767xx_i2c_driver.o
I2C_CloseSendData                                 build/stm32f767xx_i2c_driver.o
I2C_DeInit                                        build/stm32f767xx_i2c_driver.o
I2C_ER_IRQHandling                                build/stm32f767xx_i2c_driver.o
                                                  build/013_i2c_slave_tx_string.o
I2C_EV_IRQHandling                                build/stm32f767xx_i2c_driver.o
                                                  build/013_i2c_slave_tx_string.o
I2C_GetFlagStatus                                 build/stm32f767xx_i2c_driver.o
I2C_IRQInterruptConfig                            build/stm32f767xx_i2c_driver.o
                                                  build/013_i2c_slave_tx_string.o
I2C_IRQPriorityConfig                             build/stm32f767xx_i2c_driver.o
I2C_Init                                          build/stm32f767xx_i2c_driver.o
                                                  build/013_i2c_slave_tx_string.o
I2C_MasterReceiveData                             build/stm32f767xx_i2c_driver.o
I2C_MasterReceiveDataIT                           build/stm32f767xx_i2c_driver.o
I2C_MasterSendData                                build/stm32f767xx_i2c_driver.o
I2C_MasterSendDataIT                              build/stm32f767xx_i2c_driver.o
I2C_PeriClockControl                              build/stm32f767xx_i2c_driver.o
I2C_PeripheralControl                             build/stm32f767xx_i2c_driver.o
                                                  build/013_i2c_slave_tx_string.o
I2C_SlaveEnableDisableCallbackEvents              build/stm32f767xx_i2c_driver.o
                                                  build/013_i2c_slave_tx_string.o
I2C_SlaveReceiveData                              build/stm32f767xx_i2c_driver.o
                                                  build/013_i2c_slave_tx_string.o
I2C_SlaveSendData                                 build/stm32f767xx_i2c_driver.o
                                                  build/013_i2c_slave_tx_string.o
JPEG_IRQHandler                                   build/startup_stm32f767xx.o
LPTIM1_IRQHandler                                 build/startup_stm32f767xx.o
LTDC_ER_IRQHandler                                build/startup_stm32f767xx.o
LTDC_IRQHandler                                   build/startup_stm32f767xx.o
MDIOS_IRQHandler                                  build/startup_stm32f767xx.o
MemManage_Handler                                 build/startup_stm32f767xx.o
NMI_Handler                                       build/startup_stm32f767xx.o
OTG_FS_IRQHandler                                 build/startup_stm32f767xx.o
OTG_FS_WKUP_IRQHandler                            build/startup_stm32f767xx.o
OTG_HS_EP1_IN_IRQHandler                          build/startup_stm32f767xx.o
OTG_HS_EP1_OUT_IRQHandler                         build/startup_stm32f767xx.o
OTG_HS_IRQHandler                                 build/startup_stm32f767xx.o
OTG_HS_WKUP_IRQHandler                            build/startup_stm32f767xx.o
PVD_IRQHandler                                    build/startup_stm32f767xx.o
PendSV_Handler                                    build/startup_stm32f767xx.o
QUADSPI_IRQHandler                                build/startup_stm32f767xx.o
RCC_GetPCLK1Value                                 build/stm32f767xx_i2c_driver.o
RCC_GetPLLOutputClock                             build/stm32f767xx_i2c_driver.o
RCC_IRQHandler                                    build/startup_stm32f767xx.o
RNG_IRQHandler                                    build/startup_stm32f767xx.o
RTC_Alarm_IRQHandler                              build/startup_stm32f767xx.o
RTC_WKUP_IRQHandler                               build/startup_stm32f767xx.o
Reset_Handler                                     build/startup_stm32f767xx.o
SAI1_IRQHandler                                   build/startup_stm32f767xx.o
SAI2_IRQHandler                                   build/startup_stm32f767xx.o
SDMMC1_IRQHandler                                 build/startup_stm32f767xx.o
SDMMC2_IRQHandler                                 build/startup_stm32f767xx.o
SEGGER_RTT_AllocDownBuffer                        build/SEGGER_RTT.o
SEGGER_RTT_AllocUpBuffer                          build/SEGGER_RTT.o
SEGGER_RTT_ConfigDownBuffer                       build/SEGGER_RTT.o
SEGGER_RTT_ConfigUpBuffer                         build/SEGGER_RTT.o
                                                  build/013_i2c_slave_tx_string.o
SEGGER_RTT_GetAvailWriteSpace                     build/SEGGER_RTT.o
SEGGER_RTT_GetBytesInBuffer                       build/SEGGER_RTT.o
SEGGER_RTT_GetKey                                 build/SEGGER_RTT.o
SEGGER_RTT_HasData                                build/SEGGER_RTT.o
SEGGER_RTT_HasDataUp                              build/SEGGER_RTT.o
SEGGER_RTT_HasKey                                 build/SEGGER_RTT.o
SEGGER_RTT_Init                                   build/SEGGER_RTT.o
SEGGER_RTT_PutChar                                build/SEGGER_RTT.o
SEGGER_RTT_PutCharSkip                            build/SEGGER_RTT.o
SEGGER_RTT_PutCharSkipNoLock                      build/SEGGER_RTT.o
SEGGER_RTT_Read                                   build/SEGGER_RTT.o
SEGGER_RTT_ReadNoLock                             build/SEGGER_RTT.o
SEGGER_RTT_ReadUpBuffer                           build/SEGGER_RTT.o
SEGGER_RTT_ReadUpBufferNoLock                     build/SEGGER_RTT.o
SEGGER_RTT_SetFlagsDownBuffer                     build/SEGGER_RTT.o
SEGGER_RTT_SetFlagsUpBuffer                       build/SEGGER_RTT.o
SEGGER_RTT_SetNameDownBuffer                      build/SEGGER_RTT.o
SEGGER_RTT_SetNameUpBuffer                        build/SEGGER_RTT.o
SEGGER_RTT_SetTerminal                            build/SEGGER_RTT.o
SEGGER_RTT_TerminalOut                            build/SEGGER_RTT.o
SEGGER_RTT_WaitKey                                build/SEGGER_RTT.o
SEGGER_RTT_Write                                  build/SEGGER_RTT.o
                                                  build/SEGGER_RTT_printf.o
                                                  build/SEGGER_RTT_Syscalls_GCC.o
SEGGER_RTT_WriteDownBuffer                        build/SEGGER_RTT.o
SEGGER_RTT_WriteDownBufferNoLock                  build/SEGGER_RTT.o
SEGGER_RTT_WriteNoLock                            build/SEGGER_RTT.o
SEGGER_RTT_WriteString                            build/SEGGER_RTT.o
SEGGER_RTT_WriteWithOverwriteNoLock               build/SEGGER_RTT.o
SEGGER_RTT_printf                                 build/SEGGER_RTT_printf.o
SEGGER_RTT_vprintf                                build/SEGGER_RTT_printf.o
SPDIF_RX_IRQHandler                               build/startup_stm32f767xx.o
SPI1_IRQHandler                                   build/startup_stm32f767xx.o
SPI2_IRQHandler                                   build/startup_stm32f767xx.o
SPI3_IRQHandler                                   build/startup_stm32f767xx.o
SPI4_IRQHandler                                   build/startup_stm32f767xx.o
SPI5_IRQHandler                                   build/startup_stm32f767xx.o
SPI6_IRQHandler                                   build/startup_stm32f767xx.o
SPI_ApplicationEventCallback                      build/stm32f767xx_spi_driver.o
SPI_ClearOVRFlag                                  build/stm32f767xx_spi_driver.o
SPI_CloseReception                                build/stm32f767xx_spi_driver.o
SPI_CloseTransmission                             build/stm32f767xx_spi_driver.o
SPI_DeInit                                        build/stm32f767xx_spi_driver.o
SPI_FRXTHConfig                                   build/stm32f767xx_spi_driver.o
SPI_GetFlagStatus                                 build/stm32f767xx_spi_driver.o
SPI_IRQHandling                                   build/stm32f767xx_spi_driver.o
SPI_IRQInterruptConfig                            build/stm32f767xx_spi_driver.o
SPI_IRQPriorityConfig                             build/stm32f767xx_spi_driver.o
SPI_Init                                          build/stm32f767xx_spi_driver.o
SPI_PeriClockControl                              build/stm32f767xx_spi_driver.o
SPI_PeripheralControl                             build/stm32f767xx_spi_driver.o
SPI_ReceiveData                                   build/stm32f767xx_spi_driver.o
SPI_ReceiveDataIT                                 build/stm32f767xx_spi_driver.o
SPI_SSIConfig                                     build/stm32f767xx_spi_driver.o
SPI_SSOEConfig                                    build/stm32f767xx_spi_driver.o
SPI_SendData                                      build/stm32f767xx_spi_driver.o
SPI_SendDataIT                                    build/stm32f767xx_spi_driver.o
SVC_Handler                                       build/startup_stm32f767xx.o
SysTick_Handler                                   build/startup_stm32f767xx.o
SystemInit                                        build/startup_stm32f767xx.o
TAMP_STAMP_IRQHandler                             build/startup_stm32f767xx.o
TIM1_BRK_TIM9_IRQHandler                          build/startup_stm32f767xx.o
TIM1_CC_IRQHandler                                build/startup_stm32f767xx.o
TIM1_TRG_COM_TIM11_IRQHandler                     build/startup_stm32f767xx.o
TIM1_UP_TIM10_IRQHandler                          build/startup_stm32f767xx.o
TIM2_IRQHandler                                   build/startup_stm32f767xx.o
TIM3_IRQHandler                                   build/startup_stm32f767xx.o
TIM4_IRQHandler                                   build/startup_stm32f767xx.o
TIM5_IRQHandler                                   build/startup_stm32f767xx.o
TIM6_DAC_IRQHandler                               build/startup_stm32f767xx.o
TIM7_IRQHandler                                   build/startup_stm32f767xx.o
TIM8_BRK_TIM12_IRQHandler                         build/startup_stm32f767xx.o
TIM8_CC_IRQHandler                                build/startup_stm32f767xx.o
TIM8_TRG_COM_TIM14_IRQHandler                     build/startup_stm32f767xx.o
TIM8_UP_TIM13_IRQHandler                          build/startup_stm32f767xx.o
Tx_buf                                            build/013_i2c_slave_tx_string.o
UART4_IRQHandler                                  build/startup_stm32f767xx.o
UART5_IRQHandler                                  build/startup_stm32f767xx.o
UART7_IRQHandler                                  build/startup_stm32f767xx.o
UART8_IRQHandler                                  build/startup_stm32f767xx.o
USART1_IRQHandler                                 build/startup_stm32f767xx.o
USART2_IRQHandler                                 build/startup_stm32f767xx.o
USART3_IRQHandler                                 build/startup_stm32f767xx.o
USART6_IRQHandler                                 build/startup_stm32f767xx.o
UsageFault_Handler                                build/startup_stm32f767xx.o
WWDG_IRQHandler                                   build/startup_stm32f767xx.o
_SEGGER_RTT                                       build/SEGGER_RTT.o
__atexit_dummy                                    /Users/johannes/Library/Application Support/Code/User/globalStorage/bmd.stm32-for-vscode/@xpack-dev-tools/arm-none-eabi-gcc/11.2.1-1.2.2/.content/bin/../lib/gcc/arm-none-eabi/11.2.1/../../../../arm-none-eabi/lib/thumb/v7e-m+dp/hard/libc_nano.a(lib_a-__atexit.o)
__bss_end__                                       /Users/johannes/Library/Application Support/Code/User/globalStorage/bmd.stm32-for-vscode/@xpack-dev-tools/arm-none-eabi-gcc/11.2.1-1.2.2/.content/bin/../lib/gcc/arm-none-eabi/11.2.1/../../../../arm-none-eabi/lib/thumb/v7e-m+dp/hard/crt0.o
__bss_start__                                     /Users/johannes/Library/Application Support/Code/User/globalStorage/bmd.stm32-for-vscode/@xpack-dev-tools/arm-none-eabi-gcc/11.2.1-1.2.2/.content/bin/../lib/gcc/arm-none-eabi/11.2.1/../../../../arm-none-eabi/lib/thumb/v7e-m+dp/hard/crt0.o
__call_exitprocs                                  /Users/johannes/Library/Application Support/Code/User/globalStorage/bmd.stm32-for-vscode/@xpack-dev-tools/arm-none-eabi-gcc/11.2.1-1.2.2/.content/bin/../lib/gcc/arm-none-eabi/11.2.1/../../../../arm-none-eabi/lib/thumb/v7e-m+dp/hard/libc_nano.a(lib_a-__call_atexit.o)
                                                  /Users/johannes/Library/Application Support/Code/User/globalStorage/bmd.stm32-for-vscode/@xpack-dev-tools/arm-none-eabi-gcc/11.2.1-1.2.2/.content/bin/../lib/gcc/arm-none-eabi/11.2.1/../../../../arm-none-eabi/lib/thumb/v7e-m+dp/hard/libc_nano.a(lib_a-__atexit.o)
                                                  /Users/johannes/Library/Application Support/Code/User/globalStorage/bmd.stm32-for-vscode/@xpack-dev-tools/arm-none-eabi-gcc/11.2.1-1.2.2/.content/bin/../lib/gcc/arm-none-eabi/11.2.1/../../../../arm-none-eabi/lib/thumb/v7e-m+dp/hard/libc_nano.a(lib_a-exit.o)
__deregister_frame_info                           /Users/johannes/Library/Application Support/Code/User/globalStorage/bmd.stm32-for-vscode/@xpack-dev-tools/arm-none-eabi-gcc/11.2.1-1.2.2/.content/bin/../lib/gcc/arm-none-eabi/11.2.1/thumb/v7e-m+dp/hard/crtbegin.o
__dso_handle                                      /Users/johannes/Library/Application Support/Code/User/globalStorage/bmd.stm32-for-vscode/@xpack-dev-tools/arm-none-eabi-gcc/11.2.1-1.2.2/.content/bin/../lib/gcc/arm-none-eabi/11.2.1/thumb/v7e-m+dp/hard/crtbegin.o
__fini_array_end                                  /Users/johannes/Library/Application Support/Code/User/globalStorage/bmd.stm32-for-vscode/@xpack-dev-tools/arm-none-eabi-gcc/11.2.1-1.2.2/.content/bin/../lib/gcc/arm-none-eabi/11.2.1/../../../../arm-none-eabi/lib/thumb/v7e-m+dp/hard/libc_nano.a(lib_a-fini.o)
__fini_array_start                                /Users/johannes/Library/Application Support/Code/User/globalStorage/bmd.stm32-for-vscode/@xpack-dev-tools/arm-none-eabi-gcc/11.2.1-1.2.2/.content/bin/../lib/gcc/arm-none-eabi/11.2.1/../../../../arm-none-eabi/lib/thumb/v7e-m+dp/hard/libc_nano.a(lib_a-fini.o)
__fp_lock_all                                     /Users/johannes/Library/Application Support/Code/User/globalStorage/bmd.stm32-for-vscode/@xpack-dev-tools/arm-none-eabi-gcc/11.2.1-1.2.2/.content/bin/../lib/gcc/arm-none-eabi/11.2.1/../../../../arm-none-eabi/lib/thumb/v7e-m+dp/hard/libc_nano.a(lib_a-findfp.o)
__fp_unlock_all                                   /Users/johannes/Library/Application Support/Code/User/globalStorage/bmd.stm32-for-vscode/@xpack-dev-tools/arm-none-eabi-gcc/11.2.1-1.2.2/.content/bin/../lib/gcc/arm-none-eabi/11.2.1/../../../../arm-none-eabi/lib/thumb/v7e-m+dp/hard/libc_nano.a(lib_a-findfp.o)
__init_array_end                                  /Users/johannes/Library/Application Support/Code/User/globalStorage/bmd.stm32-for-vscode/@xpack-dev-tools/arm-none-eabi-gcc/11.2.1-1.2.2/.content/bin/../lib/gcc/arm-none-eabi/11.2.1/../../../../arm-none-eabi/lib/thumb/v7e-m+dp/hard/libc_nano.a(lib_a-init.o)
__init_array_start                                /Users/johannes/Library/Application Support/Code/User/globalStorage/bmd.stm32-for-vscode/@xpack-dev-tools/arm-none-eabi-gcc/11.2.1-1.2.2/.content/bin/../lib/gcc/arm-none-eabi/11.2.1/../../../../arm-none-eabi/lib/thumb/v7e-m+dp/hard/libc_nano.a(lib_a-init.o)
__libc_fini_array                                 /Users/johannes/Library/Application Support/Code/User/globalStorage/bmd.stm32-for-vscode/@xpack-dev-tools/arm-none-eabi-gcc/11.2.1-1.2.2/.content/bin/../lib/gcc/arm-none-eabi/11.2.1/../../../../arm-none-eabi/lib/thumb/v7e-m+dp/hard/libc_nano.a(lib_a-fini.o)
                                                  /Users/johannes/Library/Application Support/Code/User/globalStorage/bmd.stm32-for-vscode/@xpack-dev-tools/arm-none-eabi-gcc/11.2.1-1.2.2/.content/bin/../lib/gcc/arm-none-eabi/11.2.1/../../../../arm-none-eabi/lib/thumb/v7e-m+dp/hard/crt0.o