Archive member included to satisfy reference by file (symbol)

/Users/johannes/Library/Application Support/Code/User/globalStorage/bmd.stm32-for-vscode/@xpack-dev-tools/arm-none-eabi-gcc/11.2.1-1.2.2/.content/bin/../lib/gcc/arm-none-eabi/11.2.1/../../../../arm-none-eabi/lib/thumb/v7e-m+dp/hard/libc_nano.a(lib_a-atexit.o)
                              /Users/johannes/Library/Application Support/Code/User/globalStorage/bmd.stm32-for-vscode/@xpack-dev-tools/arm-none-eabi-gcc/11.2.1-1.2.2/.content/bin/../lib/gcc/arm-none-eabi/11.2.1/../../../../arm-none-eabi/lib/thumb/v7e-m+dp/hard/crt0.o (atexit)
/Users/johannes/Library/Application Support/Code/User/globalStorage/bmd.stm32-for-vscode/@xpack-dev-tools/arm-none-eabi-gcc/11.2.1-1.2.2/.content/bin/../lib/gcc/arm-none-eabi/11.2.1/../../../../arm-none-eabi/lib/thumb/v7e-m+dp/hard/libc_nano.a(lib_a-exit.o)
                              /Users/johannes/Library/Application Support/Code/User/globalStorage/bmd.stm32-for-vscode/@xpack-dev-tools/arm-none-eabi-gcc/11.2.1-1.2.2/.content/bin/../lib/gcc/arm-none-eabi/11.2.1/../../../../arm-none-eabi/lib/thumb/v7e-m+dp/hard/crt0.o (exit)
/Users/johannes/Library/Application Support/Code/User/globalStorage/bmd.stm32-for-vscode/@xpack-dev-tools/arm-none-eabi-gcc/11.2.1-1.2.2/.content/bin/../lib/gcc/arm-none-eabi/11.2.1/../../../../arm-none-eabi/lib/thumb/v7e-m+dp/hard/libc_nano.a(lib_a-fini.o)
                              /Users/johannes/Library/Application Support/Code/User/globalStorage/bmd.stm32-for-vscode/@xpack-dev-tools/arm-none-eabi-gcc/11.2.1-1.2.2/.content/bin/../lib/gcc/arm-none-eabi/11.2.1/../../../../arm-none-eabi/lib/thumb/v7e-m+dp/hard/crt0.o (__libc_fini_array)
/Users/johannes/Library/Application Support/Code/User/globalStorage/bmd.stm32-for-vscode/@xpack-dev-tools/arm-none-eabi-gcc/11.2.1-1.2.2/.content/bin/../lib/gcc/arm-none-eabi/11.2.1/../../../../arm-none-eabi/lib/thumb/v7e-m+dp/hard/libc_nano.a(lib_a-impure.o)
                              /Users/johannes/Library/Application Support/Code/User/globalStorage/bmd.stm32-for-vscode/@xpack-dev-tools/arm-none-eabi-gcc/11.2.1-1.2.2/.content/bin/../lib/gcc/arm-none-eabi/11.2.1/../../../../arm-none-eabi/lib/thumb/v7e-m+dp/hard/libc_nano.a(lib_a-exit.o) (_global_impure_ptr)
/Users/johannes/Library/Application Support/Code/User/globalStorage/bmd.stm32-for-vscode/@xpack-dev-tools/arm-none-eabi-gcc/11.2.1-1.2.2/.content/bin/../lib/gcc/arm-none-eabi/11.2.1/../../../../arm-none-eabi/lib/thumb/v7e-m+dp/hard/libc_nano.a(lib_a-init.o)
                              /Users/johannes/Library/Application Support/Code/User/globalStorage/bmd.stm32-for-vscode/@xpack-dev-tools/arm-none-eabi-gcc/11.2.1-1.2.2/.content/bin/../lib/gcc/arm-none-eabi/11.2.1/../../../../arm-none-eabi/lib/thumb/v7e-m+dp/hard/crt0.o (__libc_init_array)
/Users/johannes/Library/Application Support/Code/User/globalStorage/bmd.stm32-for-vscode/@xpack-dev-tools/arm-none-eabi-gcc/11.2.1-1.2.2/.content/bin/../lib/gcc/arm-none-eabi/11.2.1/../../../../arm-none-eabi/lib/thumb/v7e-m+dp/hard/libc_nano.a(lib_a-memcpy-stub.o)
                              build/SEGGER_RTT.o (memcpy)
/Users/johannes/Library/Application Support/Code/User/globalStorage/bmd.stm32-for-vscode/@xpack-dev-tools/arm-none-eabi-gcc/11.2.1-1.2.2/.content/bin/../lib/gcc/arm-none-eabi/11.2.1/../../../../arm-none-eabi/lib/thumb/v7e-m+dp/hard/libc_nano.a(lib_a-memset.o)
                              /Users/johannes/Library/Application Support/Code/User/globalStorage/bmd.stm32-for-vscode/@xpack-dev-tools/arm-none-eabi-gcc/11.2.1-1.2.2/.content/bin/../lib/gcc/arm-none-eabi/11.2.1/../../../../arm-none-eabi/lib/thumb/v7e-m+dp/hard/crt0.o (memset)
/Users/johannes/Library/Application Support/Code/User/globalStorage/bmd.stm32-for-vscode/@xpack-dev-tools/arm-none-eabi-gcc/11.2.1-1.2.2/.content/bin/../lib/gcc/arm-none-eabi/11.2.1/../../../../arm-none-eabi/lib/thumb/v7e-m+dp/hard/libc_nano.a(lib_a-strlen.o)
                              build/015_uart_tx.o (strlen)
/Users/johannes/Library/Application Support/Code/User/globalStorage/bmd.stm32-for-vscode/@xpack-dev-tools/arm-none-eabi-gcc/11.2.1-1.2.2/.content/bin/../lib/gcc/arm-none-eabi/11.2.1/../../../../arm-none-eabi/lib/thumb/v7e-m+dp/hard/libc_nano.a(lib_a-__atexit.o)
                              /Users/johannes/Library/Application Support/Code/User/globalStorage/bmd.stm32-for-vscode/@xpack-dev-tools/arm-none-eabi-gcc/11.2.1-1.2.2/.content/bin/../lib/gcc/arm-none-eabi/11.2.1/../../../../arm-none-eabi/lib/thumb/v7e-m+dp/hard/libc_nano.a(lib_a-atexit.o) (__register_exitproc)
/Users/johannes/Library/Application Support/Code/User/globalStorage/bmd.stm32-for-vscode/@xpack-dev-tools/arm-none-eabi-gcc/11.2.1-1.2.2/.content/bin/../lib/gcc/arm-none-eabi/11.2.1/../../../../arm-none-eabi/lib/thumb/v7e-m+dp/hard/libc_nano.a(lib_a-__call_atexit.o)
[...]
Memory Configuration

Name             Origin             Length             Attributes
RAM              0x0000000020000000 0x0000000000080000 xrw
FLASH            0x0000000008000000 0x0000000000200000 xr
*default*        0x0000000000000000 0xffffffffffffffff

Linker script and memory map

LOAD /Users/johannes/Library/Application Support/Code/User/globalStorage/bmd.stm32-for-vscode/@xpack-dev-tools/arm-none-eabi-gcc/11.2.1-1.2.2/.content/bin/../lib/gcc/arm-none-eabi/11.2.1/thumb/v7e-m+dp/hard/crti.o
LOAD /Users/johannes/Library/Application Support/Code/User/globalStorage/bmd.stm32-for-vscode/@xpack-dev-tools/arm-none-eabi-gcc/11.2.1-1.2.2/.content/bin/../lib/gcc/arm-none-eabi/11.2.1/thumb/v7e-m+dp/hard/crtbegin.o
LOAD /Users/johannes/Library/Application Support/Code/User/globalStorage/bmd.stm32-for-vscode/@xpack-dev-tools/arm-none-eabi-gcc/11.2.1-1.2.2/.content/bin/../lib/gcc/arm-none-eabi/11.2.1/../../../../arm-none-eabi/lib/thumb/v7e-m+dp/hard/crt0.o
LOAD build/015_uart_tx.o
LOAD build/SEGGER_RTT.o
LOAD build/SEGGER_RTT_Syscalls_GCC.o
LOAD build/SEGGER_RTT_printf.o
LOAD build/stm32f767xx_gpio_driver.o
LOAD build/stm32f767xx_i2c_driver.o
LOAD build/stm32f767xx_rcc_driver.o
LOAD build/stm32f767xx_spi_driver.o
LOAD build/stm32f767xx_usart_driver.o
LOAD build/startup_stm32f767xx.o
LOAD /Users/johannes/Library/Application Support/Code/User/globalStorage/bmd.stm32-for-vscode/@xpack-dev-tools/arm-none-eabi-gcc/11.2.1-1.2.2/.content/bin/../lib/gcc/arm-none-eabi/11.2.1/../../../../arm-none-eabi/lib/thumb/v7e-m+dp/hard/libc_nano.a
LOAD /Users/johannes/Library/Application Support/Code/User/globalStorage/bmd.stm32-for-vscode/@xpack-dev-tools/arm-none-eabi-gcc/11.2.1-1.2.2/.content/bin/../lib/gcc/arm-none-eabi/11.2.1/../../../../arm-none-eabi/lib/thumb/v7e-m+dp/hard/libm.a
LOAD /Users/johannes/Library/Application Support/Code/User/globalStorage/bmd.stm32-for-vscode/@xpack-dev-tools/arm-none-eabi-gcc/11.2.1-1.2.2/.content/bin/../lib/gcc/arm-none-eabi/11.2.1/../../../../arm-none-eabi/lib/thumb/v7e-m+dp/hard/libnosys.a
START GROUP
LOAD /Users/johannes/Library/Application Support/Code/User/globalStorage/bmd.stm32-for-vscode/@xpack-dev-tools/arm-none-eabi-gcc/11.2.1-1.2.2/.content/bin/../lib/gcc/arm-none-eabi/11.2.1/thumb/v7e-m+dp/hard/libgcc.a
LOAD /Users/johannes/Library/Application Support/Code/User/globalStorage/bmd.stm32-for-vscode/@xpack-dev-tools/arm-none-eabi-gcc/11.2.1-1.2.2/.content/bin/../lib/gcc/arm-none-eabi/11.2.1/../../../../arm-none-eabi/lib/thumb/v7e-m+dp/hard/libc_nano.a
END GROUP
START GROUP
LOAD /Users/johannes/Library/Application Support/Code/User/globalStorage/bmd.stm32-for-vscode/@xpack-dev-tools/arm-none-eabi-gcc/11.2.1-1.2.2/.content/bin/../lib/gcc/arm-none-eabi/11.2.1/thumb/v7e-m+dp/hard/libgcc.a
LOAD /Users/johannes/Library/Application Support/Code/User/globalStorage/bmd.stm32-for-vscode/@xpack-dev-tools/arm-none-eabi-gcc/11.2.1-1.2.2/.content/bin/../lib/gcc/arm-none-eabi/11.2.1/../../../../arm-none-eabi/lib/thumb/v7e-m+dp/hard/libc_nano.a
END GROUP
LOAD /Users/johannes/Library/Application Support/Code/User/globalStorage/bmd.stm32-for-vscode/@xpack-dev-tools/arm-none-eabi-gcc/11.2.1-1.2.2/.content/bin/../lib/gcc/arm-none-eabi/11.2.1/thumb/v7e-m+dp/hard/crtend.o
LOAD /Users/johannes/Library/Application Support/Code/User/globalStorage/bmd.stm32-for-vscode/@xpack-dev-tools/arm-none-eabi-gcc/11.2.1-1.2.2/.content/bin/../lib/gcc/arm-none-eabi/11.2.1/thumb/v7e-m+dp/hard/crtn.o
                0x0000000020080000                _estack = (ORIGIN (RAM) + LENGTH (RAM))
                0x0000000000000200                _Min_Heap_Size = 0x200
                0x0000000000000400                _Min_Stack_Size = 0x400

.isr_vector     0x0000000008000000      0x1f8
                0x0000000008000000                . = ALIGN (0x4)
 *(.isr_vector)
 .isr_vector    0x0000000008000000      0x1f8 build/startup_stm32f767xx.o
                0x0000000008000000                g_pfnVectors
                0x00000000080001f8                . = ALIGN (0x4)

.text           0x00000000080001f8      0xd94
                0x00000000080001f8                . = ALIGN (0x4)
 *(.text)
 .text          0x00000000080001f8       0x10 /Users/johannes/Library/Application Support/Code/User/globalStorage/bmd.stm32-for-vscode/@xpack-dev-tools/arm-none-eabi-gcc/11.2.1-1.2.2/.content/bin/../lib/gcc/arm-none-eabi/11.2.1/../../../../arm-none-eabi/lib/thumb/v7e-m+dp/hard/libc_nano.a(lib_a-strlen.o)
                0x00000000080001f8                strlen
 *(.text*)
 .text.__do_global_dtors_aux
                0x0000000008000208       0x24 /Users/johannes/Library/Application Support/Code/User/globalStorage/bmd.stm32-for-vscode/@xpack-dev-tools/arm-none-eabi-gcc/11.2.1-1.2.2/.content/bin/../lib/gcc/arm-none-eabi/11.2.1/thumb/v7e-m+dp/hard/crtbegin.o
 .text.frame_dummy
                0x000000000800022c       0x1c /Users/johannes/Library/Application Support/Code/User/globalStorage/bmd.stm32-for-vscode/@xpack-dev-tools/arm-none-eabi-gcc/11.2.1-1.2.2/.content/bin/../lib/gcc/arm-none-eabi/11.2.1/thumb/v7e-m+dp/hard/crtbegin.o
 .text.delay    0x0000000008000248       0x2c build/015_uart_tx.o
                0x0000000008000248                delay
 .text.USART2_GPIOInit
                0x0000000008000274       0x44 build/015_uart_tx.o
                0x0000000008000274                USART2_GPIOInit
 .text.USART2_Init
                0x00000000080002b8       0x44 build/015_uart_tx.o
                0x00000000080002b8                USART2_Init
 .text.GPIO_ButtonInit
                0x00000000080002fc       0x30 build/015_uart_tx.o
                0x00000000080002fc                GPIO_ButtonInit
 .text.main     0x000000000800032c       0x50 build/015_uart_tx.o
                0x000000000800032c                main
 .text.GPIO_PeriClockControl
                0x000000000800037c      0x230 build/stm32f767xx_gpio_driver.o
                0x000000000800037c                GPIO_PeriClockControl
 .text.GPIO_Init
                0x00000000080005ac      0x35c build/stm32f767xx_gpio_driver.o
                0x00000000080005ac                GPIO_Init
 .text.GPIO_ReadFromInputPin
                0x0000000008000908       0x2c build/stm32f767xx_gpio_driver.o
                0x0000000008000908                GPIO_ReadFromInputPin
 .text.RCC_GetPLLOutputClock
                0x0000000008000934       0x18 build/stm32f767xx_rcc_driver.o
                0x0000000008000934                RCC_GetPLLOutputClock
 .text.RCC_GetPCLK1Value
                0x000000000800094c       0xb0 build/stm32f767xx_rcc_driver.o
                0x000000000800094c                RCC_GetPCLK1Value
 .text.RCC_GetPCLK2Value
                0x00000000080009fc       0xb0 build/stm32f767xx_rcc_driver.o
                0x00000000080009fc                RCC_GetPCLK2Value
 .text.USART_PeriClockControl
                0x0000000008000aac      0x1a0 build/stm32f767xx_usart_driver.o
                0x0000000008000aac                USART_PeriClockControl
 .text.USART_SetBaudRate
                0x0000000008000c4c       0x90 build/stm32f767xx_usart_driver.o
                0x0000000008000c4c                USART_SetBaudRate
 .text.USART_Init
                0x0000000008000cdc       0xfe build/stm32f767xx_usart_driver.o
                0x0000000008000cdc                USART_Init
 .text.USART_PeripheralControl
                0x0000000008000dda       0x38 build/stm32f767xx_usart_driver.o
                0x0000000008000dda                USART_PeripheralControl
 .text.USART_GetFlagStatus
                0x0000000008000e12       0x28 build/stm32f767xx_usart_driver.o
                0x0000000008000e12                USART_GetFlagStatus
 .text.USART_SendData
                0x0000000008000e3a       0x9c build/stm32f767xx_usart_driver.o
                0x0000000008000e3a                USART_SendData
 *fill*         0x0000000008000ed6        0x2 
 .text.Reset_Handler
                0x0000000008000ed8       0x50 build/startup_stm32f767xx.o
                0x0000000008000ed8                Reset_Handler
 .text.Default_Handler
                0x0000000008000f28        0x2 build/startup_stm32f767xx.o
                0x0000000008000f28                DMA1_Stream3_IRQHandler
                0x0000000008000f28                EXTI2_IRQHandler
                0x0000000008000f28                TIM8_CC_IRQHandler
                0x0000000008000f28                DebugMon_Handler
                0x0000000008000f28                UART8_IRQHandler
                0x0000000008000f28                SPI4_IRQHandler
                0x0000000008000f28                TIM1_CC_IRQHandler
                0x0000000008000f28                DMA2_Stream5_IRQHandler
                0x0000000008000f28                HardFault_Handler
                0x0000000008000f28                JPEG_IRQHandler
                0x0000000008000f28                DMA1_Stream5_IRQHandler
                0x0000000008000f28                SysTick_Handler
                0x0000000008000f28                CAN3_RX1_IRQHandler
                0x0000000008000f28                PVD_IRQHandler
                0x0000000008000f28                TAMP_STAMP_IRQHandler
                0x0000000008000f28                PendSV_Handler
                0x0000000008000f28                NMI_Handler
                0x0000000008000f28                CAN2_RX1_IRQHandler
                0x0000000008000f28                EXTI3_IRQHandler
                0x0000000008000f28                TIM8_TRG_COM_TIM14_IRQHandler
                0x0000000008000f28                DFSDM1_FLT1_IRQHandler
                0x0000000008000f28                TIM1_UP_TIM10_IRQHandler
                0x0000000008000f28                TIM8_UP_TIM13_IRQHandler
                0x0000000008000f28                I2C3_ER_IRQHandler
                0x0000000008000f28                DFSDM1_FLT2_IRQHandler
                0x0000000008000f28                EXTI0_IRQHandler
                0x0000000008000f28                I2C2_EV_IRQHandler
                0x0000000008000f28                DMA1_Stream2_IRQHandler
                0x0000000008000f28                CAN1_RX0_IRQHandler
                0x0000000008000f28                FPU_IRQHandler
                0x0000000008000f28                OTG_HS_WKUP_IRQHandler
                0x0000000008000f28                CAN3_SCE_IRQHandler
                0x0000000008000f28                UsageFault_Handler
                0x0000000008000f28                LTDC_ER_IRQHandler
                0x0000000008000f28                CAN2_SCE_IRQHandler
                0x0000000008000f28                DMA2_Stream2_IRQHandler
                0x0000000008000f28                SPI1_IRQHandler
                0x0000000008000f28                TIM6_DAC_IRQHandler
                0x0000000008000f28                TIM1_BRK_TIM9_IRQHandler
                0x0000000008000f28                DCMI_IRQHandler
                0x0000000008000f28                CAN2_RX0_IRQHandler
                0x0000000008000f28                DMA2_Stream3_IRQHandler
                0x0000000008000f28                SAI2_IRQHandler
                0x0000000008000f28                DFSDM1_FLT3_IRQHandler
                0x0000000008000f28                USART6_IRQHandler
                0x0000000008000f28                CAN3_RX0_IRQHandler
                0x0000000008000f28                USART3_IRQHandler
                0x0000000008000f28                CAN1_RX1_IRQHandler
                0x0000000008000f28                UART5_IRQHandler
                0x0000000008000f28                DMA2_Stream0_IRQHandler
                0x0000000008000f28                TIM4_IRQHandler
                0x0000000008000f28                QUADSPI_IRQHandler
                0x0000000008000f28                I2C1_EV_IRQHandler
                0x0000000008000f28                DMA1_Stream6_IRQHandler
                0x0000000008000f28                DMA1_Stream1_IRQHandler
                0x0000000008000f28                UART4_IRQHandler
                0x0000000008000f28                TIM3_IRQHandler
                0x0000000008000f28                RCC_IRQHandler
                0x0000000008000f28                TIM8_BRK_TIM12_IRQHandler
                0x0000000008000f28                Default_Handler
                0x0000000008000f28                CEC_IRQHandler
                0x0000000008000f28                EXTI15_10_IRQHandler
                0x0000000008000f28                ADC_IRQHandler
                0x0000000008000f28                DMA1_Stream7_IRQHandler
                0x0000000008000f28                SPI5_IRQHandler
                0x0000000008000f28                TIM7_IRQHandler
                0x0000000008000f28                SDMMC1_IRQHandler
                0x0000000008000f28                CAN2_TX_IRQHandler
                0x0000000008000f28                TIM5_IRQHandler
                0x0000000008000f28                DMA2_Stream7_IRQHandler
                0x0000000008000f28                I2C3_EV_IRQHandler
                0x0000000008000f28                EXTI9_5_IRQHandler
                0x0000000008000f28                RTC_WKUP_IRQHandler
                0x0000000008000f28                LTDC_IRQHandler
                0x0000000008000f28                ETH_WKUP_IRQHandler
                0x0000000008000f28                SPDIF_RX_IRQHandler
                0x0000000008000f28                SPI2_IRQHandler
                0x0000000008000f28                OTG_HS_EP1_IN_IRQHandler
                0x0000000008000f28                MemManage_Handler
                0x0000000008000f28                DMA1_Stream0_IRQHandler
                0x0000000008000f28                CAN1_TX_IRQHandler
                0x0000000008000f28                SVC_Handler
                0x0000000008000f28                EXTI4_IRQHandler
                0x0000000008000f28                RNG_IRQHandler
                0x0000000008000f28                ETH_IRQHandler
                0x0000000008000f28                OTG_HS_EP1_OUT_IRQHandler
                0x0000000008000f28                WWDG_IRQHandler
                0x0000000008000f28                SPI6_IRQHandler
                0x0000000008000f28                MDIOS_IRQHandler
                0x0000000008000f28                I2C4_EV_IRQHandler
                0x0000000008000f28                CAN3_TX_IRQHandler
                0x0000000008000f28                TIM2_IRQHandler
                0x0000000008000f28                OTG_FS_WKUP_IRQHandler
                0x0000000008000f28                TIM1_TRG_COM_TIM11_IRQHandler
                0x0000000008000f28                OTG_HS_IRQHandler
                0x0000000008000f28                DMA2D_IRQHandler
                0x0000000008000f28                EXTI1_IRQHandler
                0x0000000008000f28                SDMMC2_IRQHandler
                0x0000000008000f28                UART7_IRQHandler
                0x0000000008000f28                USART2_IRQHandler
                0x0000000008000f28                DFSDM1_FLT0_IRQHandler
                0x0000000008000f28                I2C2_ER_IRQHandler
                0x0000000008000f28                DMA2_Stream1_IRQHandler
                0x0000000008000f28                CAN1_SCE_IRQHandler
                0x0000000008000f28                FLASH_IRQHandler
                0x0000000008000f28                DMA2_Stream4_IRQHandler
                0x0000000008000f28                BusFault_Handler
                0x0000000008000f28                USART1_IRQHandler
                0x0000000008000f28                OTG_FS_IRQHandler
                0x0000000008000f28                SPI3_IRQHandler
                0x0000000008000f28                DMA1_Stream4_IRQHandler
                0x0000000008000f28                I2C1_ER_IRQHandler
                0x0000000008000f28                FMC_IRQHandler
                0x0000000008000f28                LPTIM1_IRQHandler
                0x0000000008000f28                I2C4_ER_IRQHandler
                0x0000000008000f28                DMA2_Stream6_IRQHandler
                0x0000000008000f28                SAI1_IRQHandler
                0x0000000008000f28                RTC_Alarm_IRQHandler
 *fill*         0x0000000008000f2a        0x2 
 .text.__libc_init_array
                0x0000000008000f2c       0x48 /Users/johannes/Library/Application Support/Code/User/globalStorage/bmd.stm32-for-vscode/@xpack-dev-tools/arm-none-eabi-gcc/11.2.1-1.2.2/.content/bin/../lib/gcc/arm-none-eabi/11.2.1/../../../../arm-none-eabi/lib/thumb/v7e-m+dp/hard/libc_nano.a(lib_a-init.o)
                0x0000000008000f2c                __libc_init_array
 *(.glue_7)
 .glue_7        0x0000000008000f74        0x0 linker stubs
 *(.glue_7t)
 .glue_7t       0x0000000008000f74        0x0 linker stubs
 *(.eh_frame)
 .eh_frame      0x0000000008000f74        0x0 /Users/johannes/Library/Application Support/Code/User/globalStorage/bmd.stm32-for-vscode/@xpack-dev-tools/arm-none-eabi-gcc/11.2.1-1.2.2/.content/bin/../lib/gcc/arm-none-eabi/11.2.1/thumb/v7e-m+dp/hard/crtbegin.o
 *(.init)
 .init          0x0000000008000f74        0x4 /Users/johannes/Library/Application Support/Code/User/globalStorage/bmd.stm32-for-vscode/@xpack-dev-tools/arm-none-eabi-gcc/11.2.1-1.2.2/.content/bin/../lib/gcc/arm-none-eabi/11.2.1/thumb/v7e-m+dp/hard/crti.o
                0x0000000008000f74                _init
 .init          0x0000000008000f78        0x8 /Users/johannes/Library/Application Support/Code/User/globalStorage/bmd.stm32-for-vscode/@xpack-dev-tools/arm-none-eabi-gcc/11.2.1-1.2.2/.content/bin/../lib/gcc/arm-none-eabi/11.2.1/thumb/v7e-m+dp/hard/crtn.o
 *(.fini)
 .fini          0x0000000008000f80        0x4 /Users/johannes/Library/Application Support/Code/User/globalStorage/bmd.stm32-for-vscode/@xpack-dev-tools/arm-none-eabi-gcc/11.2.1-1.2.2/.content/bin/../lib/gcc/arm-none-eabi/11.2.1/thumb/v7e-m+dp/hard/crti.o
                0x0000000008000f80                _fini
 .fini          0x0000000008000f84        0x8 /Users/johannes/Library/Application Support/Code/User/globalStorage/bmd.stm32-for-vscode/@xpack-dev-tools/arm-none-eabi-gcc/11.2.1-1.2.2/.content/bin/../lib/gcc/arm-none-eabi/11.2.1/thumb/v7e-m+dp/hard/crtn.o
                0x0000000008000f8c                . = ALIGN (0x4)
                0x0000000008000f8c                _etext = .

.vfp11_veneer   0x0000000008000f8c        0x0
 .vfp11_veneer  0x0000000008000f8c        0x0 linker stubs

.v4_bx          0x0000000008000f8c        0x0
 .v4_bx         0x0000000008000f8c        0x0 linker stubs

.iplt           0x0000000008000f8c        0x0
 .iplt          0x0000000008000f8c        0x0 /Users/johannes/Library/Application Support/Code/User/globalStorage/bmd.stm32-for-vscode/@xpack-dev-tools/arm-none-eabi-gcc/11.2.1-1.2.2/.content/bin/../lib/gcc/arm-none-eabi/11.2.1/thumb/v7e-m+dp/hard/crtbegin.o

.rel.dyn        0x0000000008000f8c        0x0
 .rel.iplt      0x0000000008000f8c        0x0 /Users/johannes/Library/Application Support/Code/User/globalStorage/bmd.stm32-for-vscode/@xpack-dev-tools/arm-none-eabi-gcc/11.2.1-1.2.2/.content/bin/../lib/gcc/arm-none-eabi/11.2.1/thumb/v7e-m+dp/hard/crtbegin.o

.rodata         0x0000000008000f8c        0x0
                0x0000000008000f8c                . = ALIGN (0x4)
 *(.rodata)
 *(.rodata*)
                0x0000000008000f8c                . = ALIGN (0x4)

.ARM.extab
 *(.ARM.extab* .gnu.linkonce.armextab.*)

.ARM            0x0000000008000f8c        0x0
                0x0000000008000f8c                __exidx_start = .
 *(.ARM.exidx*)
                0x0000000008000f8c                __exidx_end = .

.preinit_array  0x0000000008000f8c        0x0
                0x0000000008000f8c                PROVIDE (__preinit_array_start = .)
 *(.preinit_array*)
                0x0000000008000f8c                PROVIDE (__preinit_array_end = .)

.init_array     0x0000000008000f8c        0x4
                0x0000000008000f8c                PROVIDE (__init_array_start = .)
 *(SORT_BY_NAME(.init_array.*))
 *(.init_array*)
 .init_array    0x0000000008000f8c        0x4 /Users/johannes/Library/Application Support/Code/User/globalStorage/bmd.stm32-for-vscode/@xpack-dev-tools/arm-none-eabi-gcc/11.2.1-1.2.2/.content/bin/../lib/gcc/arm-none-eabi/11.2.1/thumb/v7e-m+dp/hard/crtbegin.o
                0x0000000008000f90                PROVIDE (__init_array_end = .)

.fini_array     0x0000000008000f90        0x4
                0x0000000008000f90                PROVIDE (__fini_array_start = .)
 *(SORT_BY_NAME(.fini_array.*))
 *(.fini_array*)
 .fini_array    0x0000000008000f90        0x4 /Users/johannes/Library/Application Support/Code/User/globalStorage/bmd.stm32-for-vscode/@xpack-dev-tools/arm-none-eabi-gcc/11.2.1-1.2.2/.content/bin/../lib/gcc/arm-none-eabi/11.2.1/thumb/v7e-m+dp/hard/crtbegin.o
                0x0000000008000f94                PROVIDE (__fini_array_end = .)
                0x0000000008000f94                _sidata = LOADADDR (.data)

.data           0x0000000020000000      0x414 load address 0x0000000008000f94
                0x0000000020000000                . = ALIGN (0x4)
                0x0000000020000000                _sdata = .
 *(.data)
 *(.data*)
 .data.msg      0x0000000020000000      0x400 build/015_uart_tx.o
                0x0000000020000000                msg
 .data.AHB_PreScaler
                0x0000000020000400       0x10 build/stm32f767xx_rcc_driver.o
                0x0000000020000400                AHB_PreScaler
 .data.APB_PreScaler
                0x0000000020000410        0x4 build/stm32f767xx_rcc_driver.o
                0x0000000020000410                APB_PreScaler
                0x0000000020000414                . = ALIGN (0x4)
                0x0000000020000414                _edata = .

.igot.plt       0x0000000020000414        0x0 load address 0x00000000080013a8
 .igot.plt      0x0000000020000414        0x0 /Users/johannes/Library/Application Support/Code/User/globalStorage/bmd.stm32-for-vscode/@xpack-dev-tools/arm-none-eabi-gcc/11.2.1-1.2.2/.content/bin/../lib/gcc/arm-none-eabi/11.2.1/thumb/v7e-m+dp/hard/crtbegin.o
                0x0000000020000414                . = ALIGN (0x4)

.bss            0x0000000020000414       0x40 load address 0x00000000080013a8
                0x0000000020000414                _sbss = .
                0x0000000020000414                __bss_start__ = _sbss
 *(.bss)
 *(.bss*)
 .bss.completed.1
                0x0000000020000414        0x1 /Users/johannes/Library/Application Support/Code/User/globalStorage/bmd.stm32-for-vscode/@xpack-dev-tools/arm-none-eabi-gcc/11.2.1-1.2.2/.content/bin/../lib/gcc/arm-none-eabi/11.2.1/thumb/v7e-m+dp/hard/crtbegin.o
 *fill*         0x0000000020000415        0x3 
 .bss.object.0  0x0000000020000418       0x18 /Users/johannes/Library/Application Support/Code/User/globalStorage/bmd.stm32-for-vscode/@xpack-dev-tools/arm-none-eabi-gcc/11.2.1-1.2.2/.content/bin/../lib/gcc/arm-none-eabi/11.2.1/thumb/v7e-m+dp/hard/crtbegin.o
 .bss.usart2_handle
                0x0000000020000430       0x24 build/015_uart_tx.o
                0x0000000020000430                usart2_handle
 *(COMMON)
                0x0000000020000454                . = ALIGN (0x4)
                0x0000000020000454                _ebss = .
                0x0000000020000454                __bss_end__ = _ebss

._user_heap_stack
                0x0000000020000454      0x604 load address 0x00000000080013a8
                0x0000000020000458                . = ALIGN (0x8)
 *fill*         0x0000000020000454        0x4 
                [!provide]                        PROVIDE (end = .)
                [!provide]                        PROVIDE (_end = .)
                0x0000000020000658                . = (. + _Min_Heap_Size)
 *fill*         0x0000000020000458      0x200 
                0x0000000020000a58                . = (. + _Min_Stack_Size)
 *fill*         0x0000000020000658      0x400 
                0x0000000020000a58                . = ALIGN (0x8)

/DISCARD/
 libc.a(*)
 libm.a(*)
 libgcc.a(*)

.ARM.attributes
                0x0000000000000000       0x2e
 *(.ARM.attributes)
 .ARM.attributes
                0x0000000000000000       0x1e /Users/johannes/Library/Application Support/Code/User/globalStorage/bmd.stm32-for-vscode/@xpack-dev-tools/arm-none-eabi-gcc/11.2.1-1.2.2/.content/bin/../lib/gcc/arm-none-eabi/11.2.1/thumb/v7e-m+dp/hard/crti.o
 .ARM.attributes
                0x000000000000001e       0x32 /Users/johannes/Library/Application Support/Code/User/globalStorage/bmd.stm32-for-vscode/@xpack-dev-tools/arm-none-eabi-gcc/11.2.1-1.2.2/.content/bin/../lib/gcc/arm-none-eabi/11.2.1/thumb/v7e-m+dp/hard/crtbegin.o
 .ARM.attributes
                0x0000000000000050       0x32 build/015_uart_tx.o
 .ARM.attributes
                0x0000000000000082       0x32 build/stm32f767xx_gpio_driver.o
 .ARM.attributes
                0x00000000000000b4       0x32 build/stm32f767xx_rcc_driver.o
 .ARM.attributes
                0x00000000000000e6       0x32 build/stm32f767xx_usart_driver.o
 .ARM.attributes
                0x0000000000000118       0x21 build/startup_stm32f767xx.o
 .ARM.attributes
                0x0000000000000139       0x32 /Users/johannes/Library/Application Support/Code/User/globalStorage/bmd.stm32-for-vscode/@xpack-dev-tools/arm-none-eabi-gcc/11.2.1-1.2.2/.content/bin/../lib/gcc/arm-none-eabi/11.2.1/../../../../arm-none-eabi/lib/thumb/v7e-m+dp/hard/libc_nano.a(lib_a-init.o)
 .ARM.attributes
                0x000000000000016b       0x17 /Users/johannes/Library/Application Support/Code/User/globalStorage/bmd.stm32-for-vscode/@xpack-dev-tools/arm-none-eabi-gcc/11.2.1-1.2.2/.content/bin/../lib/gcc/arm-none-eabi/11.2.1/../../../../arm-none-eabi/lib/thumb/v7e-m+dp/hard/libc_nano.a(lib_a-strlen.o)
 .ARM.attributes
                0x0000000000000182       0x1e /Users/johannes/Library/Application Support/Code/User/globalStorage/bmd.stm32-for-vscode/@xpack-dev-tools/arm-none-eabi-gcc/11.2.1-1.2.2/.content/bin/../lib/gcc/arm-none-eabi/11.2.1/thumb/v7e-m+dp/hard/crtn.o
OUTPUT(build/stm32f7xx_drivers.elf elf32-littlearm)
LOAD linker stubs
LOAD /Users/johannes/Library/Application Support/Code/User/globalStorage/bmd.stm32-for-vscode/@xpack-dev-tools/arm-none-eabi-gcc/11.2.1-1.2.2/.content/bin/../lib/gcc/arm-none-eabi/11.2.1/../../../../arm-none-eabi/lib/thumb/v7e-m+dp/hard/libc.a
LOAD /Users/johannes/Library/Application Support/Code/User/globalStorage/bmd.stm32-for-vscode/@xpack-dev-tools/arm-none-eabi-gcc/11.2.1-1.2.2/.content/bin/../lib/gcc/arm-none-eabi/11.2.1/../../../../arm-none-eabi/lib/thumb/v7e-m+dp/hard/libm.a
LOAD /Users/johannes/Library/Application Support/Code/User/globalStorage/bmd.stm32-for-vscode/@xpack-dev-tools/arm-none-eabi-gcc/11.2.1-1.2.2/.content/bin/../lib/gcc/arm-none-eabi/11.2.1/thumb/v7e-m+dp/hard/libgcc.a

.comment        0x0000000000000000       0x39
 .comment       0x0000000000000000       0x39 /Users/johannes/Library/Application Support/Code/User/globalStorage/bmd.stm32-for-vscode/@xpack-dev-tools/arm-none-eabi-gcc/11.2.1-1.2.2/.content/bin/../lib/gcc/arm-none-eabi/11.2.1/thumb/v7e-m+dp/hard/crtbegin.o
                                         0x3a (size before relaxing)
 .comment       0x0000000000000039       0x3a build/015_uart_tx.o
 .comment       0x0000000000000039       0x3a build/stm32f767xx_gpio_driver.o
 .comment       0x0000000000000039       0x3a build/stm32f767xx_rcc_driver.o
 .comment       0x0000000000000039       0x3a build/stm32f767xx_usart_driver.o
 .comment       0x0000000000000039       0x3a /Users/johannes/Library/Application Support/Code/User/globalStorage/bmd.stm32-for-vscode/@xpack-dev-tools/arm-none-eabi-gcc/11.2.1-1.2.2/.content/bin/../lib/gcc/arm-none-eabi/11.2.1/../../../../arm-none-eabi/lib/thumb/v7e-m+dp/hard/libc_nano.a(lib_a-init.o)

.debug_info     0x0000000000000000     0x17b7
 .debug_info    0x0000000000000000      0x4cd build/015_uart_tx.o
 .debug_info    0x00000000000004cd      0x74c build/stm32f767xx_gpio_driver.o
 .debug_info    0x0000000000000c19      0x397 build/stm32f767xx_rcc_driver.o
 .debug_info    0x0000000000000fb0      0x7e4 build/stm32f767xx_usart_driver.o
 .debug_info    0x0000000000001794       0x23 build/startup_stm32f767xx.o

.debug_abbrev   0x0000000000000000      0x60b
 .debug_abbrev  0x0000000000000000      0x1b2 build/015_uart_tx.o
 .debug_abbrev  0x00000000000001b2      0x176 build/stm32f767xx_gpio_driver.o
 .debug_abbrev  0x0000000000000328       0xe7 build/stm32f767xx_rcc_driver.o
 .debug_abbrev  0x000000000000040f      0x1ea build/stm32f767xx_usart_driver.o
 .debug_abbrev  0x00000000000005f9       0x12 build/startup_stm32f767xx.o

.debug_aranges  0x0000000000000000      0x190
 .debug_aranges
                0x0000000000000000       0x40 build/015_uart_tx.o
 .debug_aranges
                0x0000000000000040       0x70 build/stm32f767xx_gpio_driver.o
 .debug_aranges
                0x00000000000000b0       0x30 build/stm32f767xx_rcc_driver.o
 .debug_aranges
                0x00000000000000e0       0x88 build/stm32f767xx_usart_driver.o
 .debug_aranges
                0x0000000000000168       0x28 build/startup_stm32f767xx.o

.debug_rnglists
                0x0000000000000000      0x11f
 .debug_rnglists
                0x0000000000000000       0x2b build/015_uart_tx.o
 .debug_rnglists
                0x000000000000002b       0x53 build/stm32f767xx_gpio_driver.o
 .debug_rnglists
                0x000000000000007e       0x21 build/stm32f767xx_rcc_driver.o
 .debug_rnglists
                0x000000000000009f       0x67 build/stm32f767xx_usart_driver.o
 .debug_rnglists
                0x0000000000000106       0x19 build/startup_stm32f767xx.o

.debug_line     0x0000000000000000     0x16bb
 .debug_line    0x0000000000000000      0x45e build/015_uart_tx.o
 .debug_line    0x000000000000045e      0x83e build/stm32f767xx_gpio_driver.o
 .debug_line    0x0000000000000c9c      0x2da build/stm32f767xx_rcc_driver.o
 .debug_line    0x0000000000000f76      0x6cf build/stm32f767xx_usart_driver.o
 .debug_line    0x0000000000001645       0x76 build/startup_stm32f767xx.o

.debug_str      0x0000000000000000      0x8c2
 .debug_str     0x0000000000000000      0x3df build/015_uart_tx.o
                                        0x429 (size before relaxing)
 .debug_str     0x00000000000003df      0x2b4 build/stm32f767xx_gpio_driver.o
                                        0x565 (size before relaxing)
 .debug_str     0x0000000000000693       0xac build/stm32f767xx_rcc_driver.o
                                        0x399 (size before relaxing)
 .debug_str     0x000000000000073f      0x15e build/stm32f767xx_usart_driver.o
                                        0x5c1 (size before relaxing)
 .debug_str     0x000000000000089d       0x25 build/startup_stm32f767xx.o
                                         0x7b (size before relaxing)

.debug_frame    0x0000000000000000      0x530
 .debug_frame   0x0000000000000000       0xb8 build/015_uart_tx.o
 .debug_frame   0x00000000000000b8      0x1c8 build/stm32f767xx_gpio_driver.o
 .debug_frame   0x0000000000000280       0x80 build/stm32f767xx_rcc_driver.o
 .debug_frame   0x0000000000000300      0x230 build/stm32f767xx_usart_driver.o

.debug_line_str
                0x0000000000000000       0x6c
 .debug_line_str
                0x0000000000000000       0x6c build/startup_stm32f767xx.o
                                         0x82 (size before relaxing)

Cross Reference Table

Symbol                                            File
ADC_IRQHandler                                    build/startup_stm32f767xx.o
AHB_PreScaler                                     build/stm32f767xx_rcc_driver.o
APB_PreScaler                                     build/stm32f767xx_rcc_driver.o
BusFault_Handler                                  build/startup_stm32f767xx.o
CAN1_RX0_IRQHandler                               build/startup_stm32f767xx.o
CAN1_RX1_IRQHandler                               build/startup_stm32f767xx.o
CAN1_SCE_IRQHandler                               build/startup_stm32f767xx.o
CAN1_TX_IRQHandler                                build/startup_stm32f767xx.o
CAN2_RX0_IRQHandler                               build/startup_stm32f767xx.o
CAN2_RX1_IRQHandler                               build/startup_stm32f767xx.o
CAN2_SCE_IRQHandler                               build/startup_stm32f767xx.o
CAN2_TX_IRQHandler                                build/startup_stm32f767xx.o
CAN3_RX0_IRQHandler                               build/startup_stm32f767xx.o
CAN3_RX1_IRQHandler                               build/startup_stm32f767xx.o
CAN3_SCE_IRQHandler                               build/startup_stm32f767xx.o
CAN3_TX_IRQHandler                                build/startup_stm32f767xx.o
CEC_IRQHandler                                    build/startup_stm32f767xx.o
DCMI_IRQHandler                                   build/startup_stm32f767xx.o
DFSDM1_FLT0_IRQHandler                            build/startup_stm32f767xx.o
DFSDM1_FLT1_IRQHandler                            build/startup_stm32f767xx.o
DFSDM1_FLT2_IRQHandler                            build/startup_stm32f767xx.o
DFSDM1_FLT3_IRQHandler                            build/startup_stm32f767xx.o
DMA1_Stream0_IRQHandler                           build/startup_stm32f767xx.o
DMA1_Stream1_IRQHandler                           build/startup_stm32f767xx.o
DMA1_Stream2_IRQHandler                           build/startup_stm32f767xx.o
DMA1_Stream3_IRQHandler                           build/startup_stm32f767xx.o
DMA1_Stream4_IRQHandler                           build/startup_stm32f767xx.o
DMA1_Stream5_IRQHandler                           build/startup_stm32f767xx.o
DMA1_Stream6_IRQHandler                           build/startup_stm32f767xx.o
DMA1_Stream7_IRQHandler                           build/startup_stm32f767xx.o
DMA2D_IRQHandler                                  build/startup_stm32f767xx.o
DMA2_Stream0_IRQHandler                           build/startup_stm32f767xx.o
DMA2_Stream1_IRQHandler                           build/startup_stm32f767xx.o
DMA2_Stream2_IRQHandler                           build/startup_stm32f767xx.o
DMA2_Stream3_IRQHandler                           build/startup_stm32f767xx.o
DMA2_Stream4_IRQHandler                           build/startup_stm32f767xx.o
DMA2_Stream5_IRQHandler                           build/startup_stm32f767xx.o
DMA2_Stream6_IRQHandler                           build/startup_stm32f767xx.o
DMA2_Stream7_IRQHandler                           build/startup_stm32f767xx.o
DebugMon_Handler                                  build/startup_stm32f767xx.o
Default_Handler                                   build/startup_stm32f767xx.o
ETH_IRQHandler                                    build/startup_stm32f767xx.o
ETH_WKUP_IRQHandler                               build/startup_stm32f767xx.o
EXTI0_IRQHandler                                  build/startup_stm32f767xx.o
EXTI15_10_IRQHandler                              build/startup_stm32f767xx.o
EXTI1_IRQHandler                                  build/startup_stm32f767xx.o
EXTI2_IRQHandler                                  build/startup_stm32f767xx.o
EXTI3_IRQHandler                                  build/startup_stm32f767xx.o
EXTI4_IRQHandler                                  build/startup_stm32f767xx.o
EXTI9_5_IRQHandler                                build/startup_stm32f767xx.o
FLASH_IRQHandler                                  build/startup_stm32f767xx.o
FMC_IRQHandler                                    build/startup_stm32f767xx.o
FPU_IRQHandler                                    build/startup_stm32f767xx.o
GPIO_ButtonInit                                   build/015_uart_tx.o
GPIO_DeInit                                       build/stm32f767xx_gpio_driver.o
GPIO_IRQHandling                                  build/stm32f767xx_gpio_driver.o
GPIO_IRQInterruptConfig                           build/stm32f767xx_gpio_driver.o
GPIO_IRQPriorityConfig                            build/stm32f767xx_gpio_driver.o
GPIO_Init                                         build/stm32f767xx_gpio_driver.o
                                                  build/015_uart_tx.o
GPIO_PeriClockControl                             build/stm32f767xx_gpio_driver.o
GPIO_ReadFromInputPin                             build/stm32f767xx_gpio_driver.o
                                                  build/015_uart_tx.o
GPIO_ReadFromInputPort                            build/stm32f767xx_gpio_driver.o
GPIO_ToggleOutputPin                              build/stm32f767xx_gpio_driver.o
GPIO_WriteToOutputPin                             build/stm32f767xx_gpio_driver.o
GPIO_WriteToOutputPort                            build/stm32f767xx_gpio_driver.o
HardFault_Handler                                 build/startup_stm32f767xx.o
I2C1_ER_IRQHandler                                build/startup_stm32f767xx.o
I2C1_EV_IRQHandler                                build/startup_stm32f767xx.o
I2C2_ER_IRQHandler                                build/startup_stm32f767xx.o
I2C2_EV_IRQHandler                                build/startup_stm32f767xx.o
I2C3_ER_IRQHandler                                build/startup_stm32f767xx.o
I2C3_EV_IRQHandler                                build/startup_stm32f767xx.o
I2C4_ER_IRQHandler                                build/startup_stm32f767xx.o
I2C4_EV_IRQHandler                                build/startup_stm32f767xx.o
I2C_ApplicationEventCallback                      build/stm32f767xx_i2c_driver.o
I2C_CloseReceiveData                              build/stm32f767xx_i2c_driver.o
I2C_CloseSendData                                 build/stm32f767xx_i2c_driver.o
I2C_DeInit                                        build/stm32f767xx_i2c_driver.o
I2C_ER_IRQHandling                                build/stm32f767xx_i2c_driver.o
I2C_EV_IRQHandling                                build/stm32f767xx_i2c_driver.o
I2C_GetFlagStatus                                 build/stm32f767xx_i2c_driver.o
I2C_IRQInterruptConfig                            build/stm32f767xx_i2c_driver.o
I2C_IRQPriorityConfig                             build/stm32f767xx_i2c_driver.o
I2C_Init                                          build/stm32f767xx_i2c_driver.o
I2C_MasterReceiveData                             build/stm32f767xx_i2c_driver.o
I2C_MasterReceiveDataIT                           build/stm32f767xx_i2c_driver.o
I2C_MasterSendData                                build/stm32f767xx_i2c_driver.o
I2C_MasterSendDataIT                              build/stm32f767xx_i2c_driver.o
I2C_PeriClockControl                              build/stm32f767xx_i2c_driver.o
I2C_PeripheralControl                             build/stm32f767xx_i2c_driver.o
I2C_SlaveEnableDisableCallbackEvents              build/stm32f767xx_i2c_driver.o
I2C_SlaveReceiveData                              build/stm32f767xx_i2c_driver.o
I2C_SlaveSendData                                 build/stm32f767xx_i2c_driver.o
JPEG_IRQHandler                                   build/startup_stm32f767xx.o
LPTIM1_IRQHandler                                 build/startup_stm32f767xx.o
LTDC_ER_IRQHandler                                build/startup_stm32f767xx.o
LTDC_IRQHandler                                   build/startup_stm32f767xx.o
MDIOS_IRQHandler                                  build/startup_stm32f767xx.o
MemManage_Handler                                 build/startup_stm32f767xx.o
NMI_Handler                                       build/startup_stm32f767xx.o
OTG_FS_IRQHandler                                 build/startup_stm32f767xx.o
OTG_FS_WKUP_IRQHandler                            build/startup_stm32f767xx.o
OTG_HS_EP1_IN_IRQHandler                          build/startup_stm32f767xx.o
OTG_HS_EP1_OUT_IRQHandler                         build/startup_stm32f767xx.o
OTG_HS_IRQHandler                                 build/startup_stm32f767xx.o
OTG_HS_WKUP_IRQHandler                            build/startup_stm32f767xx.o
PVD_IRQHandler                                    build/startup_stm32f767xx.o
PendSV_Handler                                    build/startup_stm32f767xx.o
QUADSPI_IRQHandler                                build/startup_stm32f767xx.o
RCC_GetPCLK1Value                                 build/stm32f767xx_rcc_driver.o
                                                  build/stm32f767xx_usart_driver.o
                                                  build/stm32f767xx_i2c_driver.o
RCC_GetPCLK2Value                                 build/stm32f767xx_rcc_driver.o
                                                  build/stm32f767xx_usart_driver.o
RCC_GetPLLOutputClock                             build/stm32f767xx_rcc_driver.o
RCC_IRQHandler                                    build/startup_stm32f767xx.o
RNG_IRQHandler                                    build/startup_stm32f767xx.o
RTC_Alarm_IRQHandler                              build/startup_stm32f767xx.o
RTC_WKUP_IRQHandler                               build/startup_stm32f767xx.o
Reset_Handler                                     build/startup_stm32f767xx.o
SAI1_IRQHandler                                   build/startup_stm32f767xx.o
SAI2_IRQHandler                                   build/startup_stm32f767xx.o
SDMMC1_IRQHandler                                 build/startup_stm32f767xx.o
SDMMC2_IRQHandler                                 build/startup_stm32f767xx.o
SEGGER_RTT_AllocDownBuffer                        build/SEGGER_RTT.o
SEGGER_RTT_AllocUpBuffer                          build/SEGGER_RTT.o
SEGGER_RTT_ConfigDownBuffer                       build/SEGGER_RTT.o
SEGGER_RTT_ConfigUpBuffer                         build/SEGGER_RTT.o
SEGGER_RTT_GetAvailWriteSpace                     build/SEGGER_RTT.o
SEGGER_RTT_GetBytesInBuffer                       build/SEGGER_RTT.o
SEGGER_RTT_GetKey                                 build/SEGGER_RTT.o
SEGGER_RTT_HasData                                build/SEGGER_RTT.o
SEGGER_RTT_HasDataUp                              build/SEGGER_RTT.o
SEGGER_RTT_HasKey                                 build/SEGGER_RTT.o
SEGGER_RTT_Init                                   build/SEGGER_RTT.o
SEGGER_RTT_PutChar                                build/SEGGER_RTT.o
SEGGER_RTT_PutCharSkip                            build/SEGGER_RTT.o
SEGGER_RTT_PutCharSkipNoLock                      build/SEGGER_RTT.o
SEGGER_RTT_Read                                   build/SEGGER_RTT.o
SEGGER_RTT_ReadNoLock                             build/SEGGER_RTT.o
SEGGER_RTT_ReadUpBuffer                           build/SEGGER_RTT.o
SEGGER_RTT_ReadUpBufferNoLock                     build/SEGGER_RTT.o
SEGGER_RTT_SetFlagsDownBuffer                     build/SEGGER_RTT.o
SEGGER_RTT_SetFlagsUpBuffer                       build/SEGGER_RTT.o
SEGGER_RTT_SetNameDownBuffer                      build/SEGGER_RTT.o
SEGGER_RTT_SetNameUpBuffer                        build/SEGGER_RTT.o
SEGGER_RTT_SetTerminal                            build/SEGGER_RTT.o
SEGGER_RTT_TerminalOut                            build/SEGGER_RTT.o
SEGGER_RTT_WaitKey                                build/SEGGER_RTT.o
SEGGER_RTT_Write                                  build/SEGGER_RTT.o
                                                  build/SEGGER_RTT_printf.o
                                                  build/SEGGER_RTT_Syscalls_GCC.o
SEGGER_RTT_WriteDownBuffer                        build/SEGGER_RTT.o
SEGGER_RTT_WriteDownBufferNoLock                  build/SEGGER_RTT.o
SEGGER_RTT_WriteNoLock                            build/SEGGER_RTT.o
SEGGER_RTT_WriteString                            build/SEGGER_RTT.o
SEGGER_RTT_WriteWithOverwriteNoLock               build/SEGGER_RTT.o
SEGGER_RTT_printf                                 build/SEGGER_RTT_printf.o
SEGGER_RTT_vprintf                                build/SEGGER_RTT_printf.o
SPDIF_RX_IRQHandler                               build/startup_stm32f767xx.o
SPI1_IRQHandler                                   build/startup_stm32f767xx.o
SPI2_IRQHandler                                   build/startup_stm32f767xx.o
SPI3_IRQHandler                                   build/startup_stm32f767xx.o
SPI4_IRQHandler                                   build/startup_stm32f767xx.o
SPI5_IRQHandler                                   build/startup_stm32f767xx.o
SPI6_IRQHandler                                   build/startup_stm32f767xx.o
SPI_ApplicationEventCallback                      build/stm32f767xx_spi_driver.o
SPI_ClearOVRFlag                                  build/stm32f767xx_spi_driver.o
SPI_CloseReception                                build/stm32f767xx_spi_driver.o
SPI_CloseTransmission                             build/stm32f767xx_spi_driver.o
SPI_DeInit                                        build/stm32f767xx_spi_driver.o
SPI_FRXTHConfig                                   build/stm32f767xx_spi_driver.o
SPI_GetFlagStatus                                 build/stm32f767xx_spi_driver.o
SPI_IRQHandling                                   build/stm32f767xx_spi_driver.o
SPI_IRQInterruptConfig                            build/stm32f767xx_spi_driver.o
SPI_IRQPriorityConfig                             build/stm32f767xx_spi_driver.o
SPI_Init                                          build/stm32f767xx_spi_driver.o
SPI_PeriClockControl                              build/stm32f767xx_spi_driver.o
SPI_PeripheralControl                             build/stm32f767xx_spi_driver.o
SPI_ReceiveData                                   build/stm32f767xx_spi_driver.o
SPI_ReceiveDataIT                                 build/stm32f767xx_spi_driver.o
SPI_SSIConfig                                     build/stm32f767xx_spi_driver.o
SPI_SSOEConfig                                    build/stm32f767xx_spi_driver.o
SPI_SendData                                      build/stm32f767xx_spi_driver.o
SPI_SendDataIT                                    build/stm32f767xx_spi_driver.o
SVC_Handler                                       build/startup_stm32f767xx.o
SysTick_Handler                                   build/startup_stm32f767xx.o
SystemInit                                        build/startup_stm32f767xx.o
TAMP_STAMP_IRQHandler                             build/startup_stm32f767xx.o
TIM1_BRK_TIM9_IRQHandler                          build/startup_stm32f767xx.o
TIM1_CC_IRQHandler                                build/startup_stm32f767xx.o
TIM1_TRG_COM_TIM11_IRQHandler                     build/startup_stm32f767xx.o
TIM1_UP_TIM10_IRQHandler                          build/startup_stm32f767xx.o
TIM2_IRQHandler                                   build/startup_stm32f767xx.o
TIM3_IRQHandler                                   build/startup_stm32f767xx.o
TIM4_IRQHandler                                   build/startup_stm32f767xx.o
TIM5_IRQHandler                                   build/startup_stm32f767xx.o
TIM6_DAC_IRQHandler                               build/startup_stm32f767xx.o
TIM7_IRQHandler                                   build/startup_stm32f767xx.o
TIM8_BRK_TIM12_IRQHandler                         build/startup_stm32f767xx.o
TIM8_CC_IRQHandler                                build/startup_stm32f767xx.o
TIM8_TRG_COM_TIM14_IRQHandler                     build/startup_stm32f767xx.o
TIM8_UP_TIM13_IRQHandler                          build/startup_stm32f767xx.o
UART4_IRQHandler                                  build/startup_stm32f767xx.o
UART5_IRQHandler                                  build/startup_stm32f767xx.o
UART7_IRQHandler                                  build/startup_stm32f767xx.o
UART8_IRQHandler                                  build/startup_stm32f767xx.o
USART1_IRQHandler                                 build/startup_stm32f767xx.o
USART2_GPIOInit                                   build/015_uart_tx.o
USART2_IRQHandler                                 build/startup_stm32f767xx.o
USART2_Init                                       build/015_uart_tx.o
USART3_IRQHandler                                 build/startup_stm32f767xx.o
USART6_IRQHandler                                 build/startup_stm32f767xx.o
USART_ApplicationEventCallback                    build/stm32f767xx_usart_driver.o
USART_ClearFlag                                   build/stm32f767xx_usart_driver.o
USART_DeInit                                      build/stm32f767xx_usart_driver.o
USART_GetFlagStatus                               build/stm32f767xx_usart_driver.o
USART_IRQInterruptConfig                          build/stm32f767xx_usart_driver.o
USART_IRQPriorityConfig                           build/stm32f767xx_usart_driver.o
USART_Init                                        build/stm32f767xx_usart_driver.o
                                                  build/015_uart_tx.o
USART_PeriClockControl                            build/stm32f767xx_usart_driver.o
USART_PeripheralControl                           build/stm32f767xx_usart_driver.o
                                                  build/015_uart_tx.o
USART_ReceiveData                                 build/stm32f767xx_usart_driver.o
USART_ReceiveDataIT                               build/stm32f767xx_usart_driver.o
USART_SendData                                    build/stm32f767xx_usart_driver.o
                                                  build/015_uart_tx.o
USART_SendDataIT                                  build/stm32f767xx_usart_driver.o
USART_SetBaudRate                                 build/stm32f767xx_usart_driver.o
UsageFault_Handler                                build/startup_stm32f767xx.o
WWDG_IRQHandler                                   build/startup_stm32f767xx.o
_SEGGER_RTT                                       build/SEGGER_RTT.o
__atexit_dummy                                    /Users/johannes/Library/Application Support/Code/User/globalStorage/bmd.stm32-for-vscode/@xpack-dev-tools/arm-none-eabi-gcc/11.2.1-1.2.2/.content/bin/../lib/gcc/arm-none-eabi/11.2.1/../../../../arm-none-eabi/lib/thumb/v7e-m+dp/hard/libc_nano.a(lib_a-__atexit.o)
__bss_end__                                       /Users/johannes/Library/Application Support/Code/User/globalStorage/bmd.stm32-for-vscode/@xpack-dev-tools/arm-none-eabi-gcc/11.2.1-1.2.2/.content/bin/../lib/gcc/arm-none-eabi/11.2.1/../../../../arm-none-eabi/lib/thumb/v7e-m+dp/hard/crt0.o
__bss_start__                                     /Users/johannes/Library/Application Support/Code/User/globalStorage/bmd.stm32-for-vscode/@xpack-dev-tools/arm-none-eabi-gcc/11.2.1-1.2.2/.content/bin/../lib/gcc/arm-none-eabi/11.2.1/../../../../arm-none-eabi/lib/thumb/v7e-m+dp/hard/crt0.o
__call_exitprocs                                  /Users/johannes/Library/Application Support/Code/User/globalStorage/bmd.stm32-for-vscode/@xpack-dev-tools/arm-none-eabi-gcc/11.2.1-1.2.2/.content/bin/../lib/gcc/arm-none-eabi/11.2.1/../../../../arm-none-eabi/lib/thumb/v7e-m+dp/hard/libc_nano.a(lib_a-__call_atexit.o)
                                                  /Users/johannes/Library/Application Support/Code/User/globalStorage/bmd.stm32-for-vscode/@xpack-dev-tools/arm-none-eabi-gcc/11.2.1-1.2.2/.content/bin/../lib/gcc/arm-none-eabi/11.2.1/../../../../arm-none-eabi/lib/thumb/v7e-m+dp/hard/libc_nano.a(lib_a-__atexit.o)
                                                  /Users/johannes/Library/Application Support/Code/User/globalStorage/bmd.stm32-for-vscode/@xpack-dev-tools/arm-none-eabi-gcc/11.2.1-1.2.2/.content/bin/../lib/gcc/arm-none-eabi/11.2.1/../../../../arm-none-eabi/lib/thumb/v7e-m+dp/hard/libc_nano.a(lib_a-exit.o)
__deregister_frame_info                           /Users/johannes/Library/Application Support/Code/User/globalStorage/bmd.stm32-for-vscode/@xpack-dev-tools/arm-none-eabi-gcc/11.2.1-1.2.2/.content/bin/../lib/gcc/arm-none-eabi/11.2.1/thumb/v7e-m+dp/hard/crtbegin.o
__dso_handle                                      /Users/johannes/Library/Application Support/Code/User/globalStorage/bmd.stm32-for-vscode/@xpack-dev-tools/arm-none-eabi-gcc/11.2.1-1.2.2/.content/bin/../lib/gcc/arm-none-eabi/11.2.1/thumb/v7e-m+dp/hard/crtbegin.o
__fini_array_end                                  /Users/johannes/Library/Application Support/Code/User/globalStorage/bmd.stm32-for-vscode/@xpack-dev-tools/arm-none-eabi-gcc/11.2.1-1.2.2/.content/bin/../lib/gcc/arm-none-eabi/11.2.1/../../../../arm-none-eabi/lib/thumb/v7e-m+dp/hard/libc_nano.a(lib_a-fini.o)
__fini_array_start                                /Users/johannes/Library/Application Support/Code/User/globalStorage/bmd.stm32-for-vscode/@xpack-dev-tools/arm-none-eabi-gcc/11.2.1-1.2.2/.content/bin/../lib/gcc/arm-none-eabi/11.2.1/../../../../arm-none-eabi/lib/thumb/v7e-m+dp/hard/libc_nano.a(lib_a-fini.o)
__init_array_end                                  /Users/johannes/Library/Application Support/Code/User/globalStorage/bmd.stm32-for-vscode/@xpack-dev-tools/arm-none-eabi-gcc/11.2.1-1.2.2/.content/bin/../lib/gcc/arm-none-eabi/11.2.1/../../../../arm-none-eabi/lib/thumb/v7e-m+dp/hard/libc_nano.a(lib_a-init.o)
__init_array_start                                /Users/johannes/Library/Application Support/Code/User/globalStorage/bmd.stm32-for-vscode/@xpack-dev-tools/arm-none-eabi-gcc/11.2.1-1.2.2/.content/bin/../lib/gcc/arm-none-eabi/11.2.1/../../../../arm-none-eabi/lib/thumb/v7e-m+dp/hard/libc_nano.a(lib_a-init.o)
__libc_fini_array                                 /Users/johannes/Library/Application Support/Code/User/globalStorage/bmd.stm32-for-vscode/@xpack-dev-tools/arm-none-eabi-gcc/11.2.1-1.2.2/.content/bin/../lib/gcc/arm-none-eabi/11.2.1/../../../../arm-none-eabi/lib/thumb/v7e-m+dp/hard/libc_nano.a(lib_a-fini.o)
                                                  /Users/johannes/Library/Application Support/Code/User/globalStorage/bmd.stm32-for-vscode/@xpack-dev-tools/arm-none-eabi-gcc/11.2.1-1.2.2/.content/bin/../lib/gcc/arm-none-eabi/11.2.1/../../../../arm-none-eabi/lib/thumb/v7e-m+dp/hard/crt0.o
__libc_init_array                                 /Users/johannes/Library/Application Support/Code/User/globalStorage/bmd.stm32-for-vscode/@xpack-dev-tools/arm-none-eabi-gcc/11.2.1-1.2.2/.content/bin/../lib/gcc/arm-none-eabi/11.2.1/../../../../arm-none-eabi/lib/thumb/v7e-m+dp/hard/libc_nano.a(lib_a-init.o)
                                                  build/startup_stm32f767xx.o
                                                  /Users/johannes/Library/Application Support/Code/User/globalStorage/bmd.stm32-for-vscode/@xpack-dev-tools/arm-none-eabi-gcc/11.2.1-1.2.2/.content/bin/../lib/gcc/arm-none-eabi/11.2.1/../../../../arm-none-eabi/lib/thumb/v7e-m+dp/hard/crt0.o
__on_exit_args                                    /Users/johannes/Library/Application Support/Code/User/globalStorage/bmd.stm32-for-vscode/@xpack-dev-tools/arm-none-eabi-gcc/11.2.1-1.2.2/.content/bin/../lib/gcc/arm-none-eabi/11.2.1/../../../../arm-none-eabi/lib/thumb/v7e-m+dp/hard/libc_nano.a(lib_a-__atexit.o)
__preinit_array_end                               /Users/johannes/Library/Application Support/Code/User/globalStorage/bmd.stm32-for-vscode/@xpack-dev-tools/arm-none-eabi-gcc/11.2.1-1.2.2/.content/bin/../lib/gcc/arm-none-eabi/11.2.1/../../../../arm-none-eabi/lib/thumb/v7e-m+dp/hard/libc_nano.a(lib_a-init.o)
__preinit_array_start                             /Users/johannes/Library/Application Support/Code/User/globalStorage/bmd.stm32-for-vscode/@xpack-dev-tools/arm-none-eabi-gcc/11.2.1-1.2.2/.content/bin/../lib/gcc/arm-none-eabi/11.2.1/../../../../arm-none-eabi/lib/thumb/v7e-m+dp/hard/libc_nano.a(lib_a-init.o)
__register_exitproc                               /Users/johannes/Library/Application Support/Code/User/globalStorage/bmd.stm32-for-vscode/@xpack-dev-tools/arm-none-eabi-gcc/11.2.1-1.2.2/.content/bin/../lib/gcc/arm-none-eabi/11.2.1/../../../../arm-none-eabi/lib/thumb/v7e-m+dp/hard/libc_nano.a(lib_a-__atexit.o)
                                                  /Users/johannes/Library/Application Support/Code/User/globalStorage/bmd.stm32-for-vscode/@xpack-dev-tools/arm-none-eabi-gcc/11.2.1-1.2.2/.content/bin/../lib/gcc/arm-none-eabi/11.2.1/../../../../arm-none-eabi/lib/thumb/v7e-m+dp/hard/libc_nano.a(lib_a-atexit.o)
__register_frame_info                             /Users/johannes/Library/Application Support/Code/User/globalStorage/bmd.stm32-for-vscode/@xpack-dev-tools/arm-none-eabi-gcc/11.2.1-1.2.2/.content/bin/../lib/gcc/arm-none-eabi/11.2.1/thumb/v7e-m+dp/hard/crtbegin.o
__sf_fake_stderr                                  /Users/johannes/Library/Application Support/Code/User/globalStorage/bmd.stm32-for-vscode/@xpack-dev-tools/arm-none-eabi-gcc/11.2.1-1.2.2/.content/bin/../lib/gcc/arm-none-eabi/11.2.1/../../../../arm-none-eabi/lib/thumb/v7e-m+dp/hard/libc_nano.a(lib_a-impure.o)
__sf_fake_stdin                                   /Users/johannes/Library/Application Support/Code/User/globalStorage/bmd.stm32-for-vscode/@xpack-dev-tools/arm-none-eabi-gcc/11.2.1-1.2.2/.content/bin/../lib/gcc/arm-none-eabi/11.2.1/../../../../arm-none-eabi/lib/thumb/v7e-m+dp/hard/libc_nano.a(lib_a-impure.o)
__sf_fake_stdout                                  /Users/johannes/Library/Application Support/Code/User/globalStorage/bmd.stm32-for-vscode/@xpack-dev-tools/arm-none-eabi-gcc/11.2.1-1.2.2/.content/bin/../lib/gcc/arm-none-eabi/11.2.1/../../../../arm-none-eabi/lib/thumb/v7e-m+dp/hard/libc_nano.a(lib_a-impure.o)
__stack                                           /Users/johannes/Library/Application Support/Code/User/globalStorage/bmd.stm32-for-vscode/@xpack-dev-tools/arm-none-eabi-gcc/11.2.1-1.2.2/.content/bin/../lib/gcc/arm-none-eabi/11.2.1/../../../../arm-none-eabi/lib/thumb/v7e-m+dp/hard/crt0.o
_ebss                                             build/startup_stm32f767xx.o
_edata                                            build/startup_stm32f767xx.o
_estack                                           build/startup_stm32f767xx.o
_exit                                             /Users/johannes/Library/Application Support/Code/User/globalStorage/bmd.stm32-for-vscode/@xpack-dev-tools/arm-none-eabi-gcc/11.2.1-1.2.2/.content/bin/../lib/gcc/arm-none-eabi/11.2.1/../../../../arm-none-eabi/lib/thumb/v7e-m+dp/hard/libnosys.a(_exit.o)
                                                  /Users/johannes/Library/Application Support/Code/User/globalStorage/bmd.stm32-for-vscode/@xpack-dev-tools/arm-none-eabi-gcc/11.2.1-1.2.2/.content/bin/../lib/gcc/arm-none-eabi/11.2.1/../../../../arm-none-eabi/lib/thumb/v7e-m+dp/hard/libc_nano.a(lib_a-exit.o)
_fini                                             /Users/johannes/Library/Application Support/Code/User/globalStorage/bmd.stm32-for-vscode/@xpack-dev-tools/arm-none-eabi-gcc/11.2.1-1.2.2/.content/bin/../lib/gcc/arm-none-eabi/11.2.1/thumb/v7e-m+dp/hard/crti.o
                                                  /Users/johannes/Library/Application Support/Code/User/globalStorage/bmd.stm32-for-vscode/@xpack-dev-tools/arm-none-eabi-gcc/11.2.1-1.2.2/.content/bin/../lib/gcc/arm-none-eabi/11.2.1/../../../../arm-none-eabi/lib/thumb/v7e-m+dp/hard/libc_nano.a(lib_a-fini.o)
_global_atexit                                    /Users/johannes/Library/Application Support/Code/User/globalStorage/bmd.stm32-for-vscode/@xpack-dev-tools/arm-none-eabi-gcc/11.2.1-1.2.2/.content/bin/../lib/gcc/arm-none-eabi/11.2.1/../../../../arm-none-eabi/lib/thumb/v7e-m+dp/hard/libc_nano.a(lib_a-__call_atexit.o)
                                                  /Users/johannes/Library/Application Support/Code/User/globalStorage/bmd.stm32-for-vscode/@xpack-dev-tools/arm-none-eabi-gcc/11.2.1-1.2.2/.content/bin/../lib/gcc/arm-none-eabi/11.2.1/../../../../arm-none-eabi/lib/thumb/v7e-m+dp/hard/libc_nano.a(lib_a-__atexit.o)
_global_impure_ptr                                /Users/johannes/Library/Application Support/Code/User/globalStorage/bmd.stm32-for-vscode/@xpack-dev-tools/arm-none-eabi-gcc/11.2.1-1.2.2/.content/bin/../lib/gcc/arm-none-eabi/11.2.1/../../../../arm-none-eabi/lib/thumb/v7e-m+dp/hard/libc_nano.a(lib_a-impure.o)
                                                  /Users/johannes/Library/Application Support/Code/User/globalStorage/bmd.stm32-for-vscode/@xpack-dev-tools/arm-none-eabi-gcc/11.2.1-1.2.2/.content/bin/../lib/gcc/arm-none-eabi/11.2.1/../../../../arm-none-eabi/lib/thumb/v7e-m+dp/hard/libc_nano.a(lib_a-exit.o)
_impure_ptr                                       /Users/johannes/Library/Application Support/Code/User/globalStorage/bmd.stm32-for-vscode/@xpack-dev-tools/arm-none-eabi-gcc/11.2.1-1.2.2/.content/bin/../lib/gcc/arm-none-eabi/11.2.1/../../../../arm-none-eabi/lib/thumb/v7e-m+dp/hard/libc_nano.a(lib_a-impure.o)
_init                                             /Users/johannes/Library/Application Support/Code/User/globalStorage/bmd.stm32-for-vscode/@xpack-dev-tools/arm-none-eabi-gcc/11.2.1-1.2.2/.content/bin/../lib/gcc/arm-none-eabi/11.2.1/thumb/v7e-m+dp/hard/crti.o
                                                  /Users/johannes/Library/Application Support/Code/User/globalStorage/bmd.stm32-for-vscode/@xpack-dev-tools/arm-none-eabi-gcc/11.2.1-1.2.2/.content/bin/../lib/gcc/arm-none-eabi/11.2.1/../../../../arm-none-eabi/lib/thumb/v7e-m+dp/hard/libc_nano.a(lib_a-init.o)
_mainCRTStartup                                   /Users/johannes/Library/Application Support/Code/User/globalStorage/bmd.stm32-for-vscode/@xpack-dev-tools/arm-none-eabi-gcc/11.2.1-1.2.2/.content/bin/../lib/gcc/arm-none-eabi/11.2.1/../../../../arm-none-eabi/lib/thumb/v7e-m+dp/hard/crt0.o
_sbss                                             build/startup_stm32f767xx.o
_sdata                                            build/startup_stm32f767xx.o
_sidata                                           build/startup_stm32f767xx.o
_stack_init                                       /Users/johannes/Library/Application Support/Code/User/globalStorage/bmd.stm32-for-vscode/@xpack-dev-tools/arm-none-eabi-gcc/11.2.1-1.2.2/.content/bin/../lib/gcc/arm-none-eabi/11.2.1/../../../../arm-none-eabi/lib/thumb/v7e-m+dp/hard/crt0.o
_start                                            /Users/johannes/Library/Application Support/Code/User/globalStorage/bmd.stm32-for-vscode/@xpack-dev-tools/arm-none-eabi-gcc/11.2.1-1.2.2/.content/bin/../lib/gcc/arm-none-eabi/11.2.1/../../../../arm-none-eabi/lib/thumb/v7e-m+dp/hard/crt0.o
_write                                            build/SEGGER_RTT_Syscalls_GCC.o
_write_r                                          build/SEGGER_RTT_Syscalls_GCC.o
atexit                                            /Users/johannes/Library/Application Support/Code/User/globalStorage/bmd.stm32-for-vscode/@xpack-dev-tools/arm-none-eabi-gcc/11.2.1-1.2.2/.content/bin/../lib/gcc/arm-none-eabi/11.2.1/../../../../arm-none-eabi/lib/thumb/v7e-m+dp/hard/libc_nano.a(lib_a-atexit.o)
                                                  /Users/johannes/Library/Application Support/Code/User/globalStorage/bmd.stm32-for-vscode/@xpack-dev-tools/arm-none-eabi-gcc/11.2.1-1.2.2/.content/bin/../lib/gcc/arm-none-eabi/11.2.1/../../../../arm-none-eabi/lib/thumb/v7e-m+dp/hard/crt0.o
delay                                             build/015_uart_tx.o
exit                                              /Users/johannes/Library/Application Support/Code/User/globalStorage/bmd.stm32-for-vscode/@xpack-dev-tools/arm-none-eabi-gcc/11.2.1-1.2.2/.content/bin/../lib/gcc/arm-none-eabi/11.2.1/../../../../arm-none-eabi/lib/thumb/v7e-m+dp/hard/libc_nano.a(lib_a-exit.o)
                                                  /Users/johannes/Library/Application Support/Code/User/globalStorage/bmd.stm32-for-vscode/@xpack-dev-tools/arm-none-eabi-gcc/11.2.1-1.2.2/.content/bin/../lib/gcc/arm-none-eabi/11.2.1/../../../../arm-none-eabi/lib/thumb/v7e-m+dp/hard/crt0.o
g_pfnVectors                                      build/startup_stm32f767xx.o
hardware_init_hook                                /Users/johannes/Library/Application Support/Code/User/globalStorage/bmd.stm32-for-vscode/@xpack-dev-tools/arm-none-eabi-gcc/11.2.1-1.2.2/.content/bin/../lib/gcc/arm-none-eabi/11.2.1/../../../../arm-none-eabi/lib/thumb/v7e-m+dp/hard/crt0.o
i2c_timings_16                                    build/stm32f767xx_i2c_driver.o
i2c_timings_4                                     build/stm32f767xx_i2c_driver.o
i2c_timings_48                                    build/stm32f767xx_i2c_driver.o
i2c_timings_54                                    build/stm32f767xx_i2c_driver.o
i2c_timings_8                                     build/stm32f767xx_i2c_driver.o
main                                              build/015_uart_tx.o
                                                  build/startup_stm32f767xx.o
                                                  /Users/johannes/Library/Application Support/Code/User/globalStorage/bmd.stm32-for-vscode/@xpack-dev-tools/arm-none-eabi-gcc/11.2.1-1.2.2/.content/bin/../lib/gcc/arm-none-eabi/11.2.1/../../../../arm-none-eabi/lib/thumb/v7e-m+dp/hard/crt0.o
malloc                                            /Users/johannes/Library/Application Support/Code/User/globalStorage/bmd.stm32-for-vscode/@xpack-dev-tools/arm-none-eabi-gcc/11.2.1-1.2.2/.content/bin/../lib/gcc/arm-none-eabi/11.2.1/../../../../arm-none-eabi/lib/thumb/v7e-m+dp/hard/libc_nano.a(lib_a-__atexit.o)
memcpy                                            /Users/johannes/Library/Application Support/Code/User/globalStorage/bmd.stm32-for-vscode/@xpack-dev-tools/arm-none-eabi-gcc/11.2.1-1.2.2/.content/bin/../lib/gcc/arm-none-eabi/11.2.1/../../../../arm-none-eabi/lib/thumb/v7e-m+dp/hard/libc_nano.a(lib_a-memcpy-stub.o)
                                                  build/SEGGER_RTT.o
memset                                            /Users/johannes/Library/Application Support/Code/User/globalStorage/bmd.stm32-for-vscode/@xpack-dev-tools/arm-none-eabi-gcc/11.2.1-1.2.2/.content/bin/../lib/gcc/arm-none-eabi/11.2.1/../../../../arm-none-eabi/lib/thumb/v7e-m+dp/hard/libc_nano.a(lib_a-memset.o)
                                                  build/SEGGER_RTT.o
                                                  /Users/johannes/Library/Application Support/Code/User/globalStorage/bmd.stm32-for-vscode/@xpack-dev-tools/arm-none-eabi-gcc/11.2.1-1.2.2/.content/bin/../lib/gcc/arm-none-eabi/11.2.1/../../../../arm-none-eabi/lib/thumb/v7e-m+dp/hard/crt0.o
msg                                               build/015_uart_tx.o
software_init_hook                                /Users/johannes/Library/Application Support/Code/User/globalStorage/bmd.stm32-for-vscode/@xpack-dev-tools/arm-none-eabi-gcc/11.2.1-1.2.2/.content/bin/../lib/gcc/arm-none-eabi/11.2.1/../../../../arm-none-eabi/lib/thumb/v7e-m+dp/hard/crt0.o
strlen                                            /Users/johannes/Library/Application Support/Code/User/globalStorage/bmd.stm32-for-vscode/@xpack-dev-tools/arm-none-eabi-gcc/11.2.1-1.2.2/.content/bin/../lib/gcc/arm-none-eabi/11.2.1/../../../../arm-none-eabi/lib/thumb/v7e-m+dp/hard/libc_nano.a(lib_a-strlen.o)
                                                  build/SEGGER_RTT.o
                                                  build/015_uart_tx.o
usart2_handle                                     build/015_uart_tx.o
